V3 407
FL /home/parallels/Desktop/FAZIA_FEE/FAZIA_code/Original_code/common/adc_mon.vhd 2021/02/02.18:03:15 P.40xd
EN work/AdcMon 1615868899 \
      FL /home/parallels/Desktop/FAZIA_FEE/FAZIA_code/Original_code/common/adc_mon.vhd \
      PB ieee/std_logic_1164 1354696159 PB ieee/std_logic_arith 1354696160 \
      PB ieee/STD_LOGIC_UNSIGNED 1354696162 PB work/tel_defs 1615868814 \
      PH work/align_defs 1615868821 PB work/slow_ct_defs 1615868806
AR work/AdcMon/Behavioral 1615868900 \
      FL /home/parallels/Desktop/FAZIA_FEE/FAZIA_code/Original_code/common/adc_mon.vhd \
      EN work/AdcMon 1615868899 CP SpiAdc CP work/Aligner_new
FL /home/parallels/Desktop/FAZIA_FEE/FAZIA_code/Original_code/common/aligner_new.vhd 2021/02/25.17:04:21 P.40xd
EN work/Aligner_new 1615868895 \
      FL /home/parallels/Desktop/FAZIA_FEE/FAZIA_code/Original_code/common/aligner_new.vhd \
      PB ieee/std_logic_1164 1354696159 PB ieee/std_logic_arith 1354696160 \
      PB ieee/STD_LOGIC_UNSIGNED 1354696162 PB work/tel_defs 1615868814 \
      PH work/align_defs 1615868821 PB work/slow_ct_defs 1615868806
AR work/Aligner_new/Behavioral 1615868896 \
      FL /home/parallels/Desktop/FAZIA_FEE/FAZIA_code/Original_code/common/aligner_new.vhd \
      EN work/Aligner_new 1615868895 CP aligner_rom_128x8 \
      CP aligner_ram_128x8_modified
FL /home/parallels/Desktop/FAZIA_FEE/FAZIA_code/Original_code/common/align_defs.vhd 2021/02/02.18:03:15 P.40xd
PH work/align_defs 1615868821 \
      FL /home/parallels/Desktop/FAZIA_FEE/FAZIA_code/Original_code/common/align_defs.vhd \
      PB ieee/std_logic_1164 1354696159
FL /home/parallels/Desktop/FAZIA_FEE/FAZIA_code/Original_code/common/baseline.vhd 2021/02/25.17:37:46 P.40xd
EN work/baseline 1615868835 \
      FL /home/parallels/Desktop/FAZIA_FEE/FAZIA_code/Original_code/common/baseline.vhd \
      PB ieee/std_logic_1164 1354696159 PB ieee/NUMERIC_STD 1354696164 \
      PB ieee/STD_LOGIC_UNSIGNED 1354696162 PB work/tel_defs 1615868814
AR work/baseline/Behavioral 1615868836 \
      FL /home/parallels/Desktop/FAZIA_FEE/FAZIA_code/Original_code/common/baseline.vhd \
      EN work/baseline 1615868835 CP ram_256x14_modified
FL /home/parallels/Desktop/FAZIA_FEE/FAZIA_code/Original_code/common/comZone.vhd 2021/02/02.18:47:04 P.40xd
EN work/comZone 1615868901 \
      FL /home/parallels/Desktop/FAZIA_FEE/FAZIA_code/Original_code/common/comZone.vhd \
      PB ieee/std_logic_1164 1354696159 LB UNISIM PH unisim/VCOMPONENTS 1354696165 \
      PB work/tel_defs 1615868814 PB work/slow_ct_defs 1615868806 \
      PH work/telescope_conf 1615868822
AR work/comZone/Behavioral 1615868902 \
      FL /home/parallels/Desktop/FAZIA_FEE/FAZIA_code/Original_code/common/comZone.vhd \
      EN work/comZone 1615868901 CP ram_32x16_single_modified
FL /home/parallels/Desktop/FAZIA_FEE/FAZIA_code/Original_code/common/csi_channel.vhd 2021/02/02.18:03:15 P.40xd
EN work/CsiChannel 1615868913 \
      FL /home/parallels/Desktop/FAZIA_FEE/FAZIA_code/Original_code/common/csi_channel.vhd \
      PB ieee/std_logic_1164 1354696159 PB ieee/std_logic_arith 1354696160 \
      PB ieee/STD_LOGIC_UNSIGNED 1354696162 LB UNISIM PH unisim/VCOMPONENTS 1354696165 \
      PB work/tel_defs 1615868814 PH work/align_defs 1615868821 \
      PB work/slow_ct_defs 1615868806 PH work/telescope_conf 1615868822
AR work/CsiChannel/Behavioral 1615868914 \
      FL /home/parallels/Desktop/FAZIA_FEE/FAZIA_code/Original_code/common/csi_channel.vhd \
      EN work/CsiChannel 1615868913 CP tel_icon CP tel_ila_36 CP work/DDR_ADC \
      CP work/Waver CP work/Energy CP work/ETrigger CP work/Histogrammer
FL /home/parallels/Desktop/FAZIA_FEE/FAZIA_code/Original_code/common/ddr_adc.vhd 2021/02/02.18:03:15 P.40xd
EN work/DDR_ADC 1615868879 \
      FL /home/parallels/Desktop/FAZIA_FEE/FAZIA_code/Original_code/common/ddr_adc.vhd \
      PB ieee/std_logic_1164 1354696159 PB ieee/std_logic_arith 1354696160 \
      PB ieee/STD_LOGIC_UNSIGNED 1354696162 LB UNISIM PH unisim/VCOMPONENTS 1354696165 \
      PB work/tel_defs 1615868814 PH work/align_defs 1615868821
AR work/DDR_ADC/Behavioral 1615868880 \
      FL /home/parallels/Desktop/FAZIA_FEE/FAZIA_code/Original_code/common/ddr_adc.vhd \
      EN work/DDR_ADC 1615868879 CP IBUFDS CP IDELAY CP BUFR CP IODELAY CP IDDR
FL /home/parallels/Desktop/FAZIA_FEE/FAZIA_code/Original_code/common/energy.vhd 2021/02/02.18:03:15 P.40xd
EN work/Energy 1615868883 \
      FL /home/parallels/Desktop/FAZIA_FEE/FAZIA_code/Original_code/common/energy.vhd \
      PB ieee/std_logic_1164 1354696159 PB ieee/std_logic_arith 1354696160 \
      PB ieee/STD_LOGIC_UNSIGNED 1354696162 LB UNISIM PH unisim/VCOMPONENTS 1354696165 \
      PB work/tel_defs 1615868814 PB work/slow_ct_defs 1615868806 \
      PH work/telescope_conf 1615868822
AR work/energy/Behavioral 1615868884 \
      FL /home/parallels/Desktop/FAZIA_FEE/FAZIA_code/Original_code/common/energy.vhd \
      EN work/Energy 1615868883 CP tel_icon CP tel_ila_blknrj CP work/shaper
FL /home/parallels/Desktop/FAZIA_FEE/FAZIA_code/Original_code/common/e_trigger.vhd 2021/02/02.18:03:15 P.40xd
EN work/ETrigger 1615868885 \
      FL /home/parallels/Desktop/FAZIA_FEE/FAZIA_code/Original_code/common/e_trigger.vhd \
      PB ieee/std_logic_1164 1354696159 PB ieee/std_logic_arith 1354696160 \
      LB UNISIM PH unisim/VCOMPONENTS 1354696165 PB work/tel_defs 1615868814 \
      PB work/slow_ct_defs 1615868806
AR work/ETrigger/Behavioral 1615868886 \
      FL /home/parallels/Desktop/FAZIA_FEE/FAZIA_code/Original_code/common/e_trigger.vhd \
      EN work/ETrigger 1615868885 CP work/shaper CP work/baseline
FL /home/parallels/Desktop/FAZIA_FEE/FAZIA_code/Original_code/common/fastlink/clkgenerator.vhd 2021/02/02.18:03:15 P.40xd
EN work/clkgenerator 1615868869 \
      FL /home/parallels/Desktop/FAZIA_FEE/FAZIA_code/Original_code/common/fastlink/clkgenerator.vhd \
      PB ieee/std_logic_1164 1354696159 PB ieee/std_logic_arith 1354696160 \
      PB ieee/STD_LOGIC_UNSIGNED 1354696162 LB UNISIM PH unisim/VCOMPONENTS 1354696165
AR work/clkgenerator/BEHAVIORAL 1615868870 \
      FL /home/parallels/Desktop/FAZIA_FEE/FAZIA_code/Original_code/common/fastlink/clkgenerator.vhd \
      EN work/clkgenerator 1615868869 CP the_pll
FL /home/parallels/Desktop/FAZIA_FEE/FAZIA_code/Original_code/common/fastlink/deserialiseur.vhd 2021/02/02.18:03:15 P.40xd
EN work/DESERIALISEUR 1615868871 \
      FL /home/parallels/Desktop/FAZIA_FEE/FAZIA_code/Original_code/common/fastlink/deserialiseur.vhd \
      PB ieee/std_logic_1164 1354696159 PB ieee/std_logic_arith 1354696160 \
      PB ieee/STD_LOGIC_UNSIGNED 1354696162 LB UNISIM PH unisim/VCOMPONENTS 1354696165
AR work/DESERIALISEUR/BEHAVIORAL 1615868872 \
      FL /home/parallels/Desktop/FAZIA_FEE/FAZIA_code/Original_code/common/fastlink/deserialiseur.vhd \
      EN work/DESERIALISEUR 1615868871 CP N_ISERDES8b_MsAllign
FL /home/parallels/Desktop/FAZIA_FEE/FAZIA_code/Original_code/common/fastlink/fastlink.vhd 2021/03/02.17:42:00 P.40xd
EN work/FASTLINK 1615868919 \
      FL /home/parallels/Desktop/FAZIA_FEE/FAZIA_code/Original_code/common/fastlink/fastlink.vhd \
      PB ieee/std_logic_1164 1354696159 PB ieee/std_logic_arith 1354696160 \
      PB ieee/STD_LOGIC_UNSIGNED 1354696162 LB UNISIM PH unisim/VCOMPONENTS 1354696165
AR work/FASTLINK/BEHAVIORAL 1615868920 \
      FL /home/parallels/Desktop/FAZIA_FEE/FAZIA_code/Original_code/common/fastlink/fastlink.vhd \
      EN work/FASTLINK 1615868919 CP tel_icon CP tel_ila_128 CP IDELAYCTRL \
      CP clkgenerator CP DESERIALISEUR CP SERIALISEUR CP OBUFDS CP IBUFDS \
      CP fifo_modified CP fifo2_modified
FL /home/parallels/Desktop/FAZIA_FEE/FAZIA_code/Original_code/common/fastlink/ipcore_dir/myfifo.vhd 2021/02/02.18:03:15 P.40xd
EN work/myfifo 1614673533 \
      FL /home/parallels/Desktop/FAZIA_FEE/FAZIA_code/Original_code/common/fastlink/ipcore_dir/myfifo.vhd \
      PB ieee/std_logic_1164 1354696159
AR work/myfifo/myfifo_a 1614673534 \
      FL /home/parallels/Desktop/FAZIA_FEE/FAZIA_code/Original_code/common/fastlink/ipcore_dir/myfifo.vhd \
      EN work/myfifo 1614673533
FL /home/parallels/Desktop/FAZIA_FEE/FAZIA_code/Original_code/common/fastlink/ipcore_dir/myfifo2.vhd 2021/02/02.18:03:15 P.40xd
EN work/myfifo2 1614673535 \
      FL /home/parallels/Desktop/FAZIA_FEE/FAZIA_code/Original_code/common/fastlink/ipcore_dir/myfifo2.vhd \
      PB ieee/std_logic_1164 1354696159
AR work/myfifo2/myfifo2_a 1614673536 \
      FL /home/parallels/Desktop/FAZIA_FEE/FAZIA_code/Original_code/common/fastlink/ipcore_dir/myfifo2.vhd \
      EN work/myfifo2 1614673535
FL /home/parallels/Desktop/FAZIA_FEE/FAZIA_code/Original_code/common/fastlink/ISER8b.vhd 2021/02/02.18:03:15 P.40xd
EN work/ISER8b 1615868811 \
      FL /home/parallels/Desktop/FAZIA_FEE/FAZIA_code/Original_code/common/fastlink/ISER8b.vhd \
      PB ieee/std_logic_1164 1354696159 PB ieee/std_logic_arith 1354696160 \
      PB ieee/STD_LOGIC_UNSIGNED 1354696162 LB UNISIM PH unisim/VCOMPONENTS 1354696165
AR work/ISER8b/Behavioral 1615868812 \
      FL /home/parallels/Desktop/FAZIA_FEE/FAZIA_code/Original_code/common/fastlink/ISER8b.vhd \
      EN work/ISER8b 1615868811 CP IBUFDS CP IODELAY CP ISERDES_NODELAY
FL /home/parallels/Desktop/FAZIA_FEE/FAZIA_code/Original_code/common/fastlink/N_ISERDES8b_MsAllign.vhd 2021/02/02.18:03:15 P.40xd
EN work/N_ISERDES8b_MsAllign 1615868829 \
      FL /home/parallels/Desktop/FAZIA_FEE/FAZIA_code/Original_code/common/fastlink/N_ISERDES8b_MsAllign.vhd \
      PB ieee/std_logic_1164 1354696159 PB ieee/std_logic_arith 1354696160 \
      PB ieee/STD_LOGIC_UNSIGNED 1354696162 LB UNISIM PH unisim/VCOMPONENTS 1354696165
AR work/N_ISERDES8b_MsAllign/Behavioral 1615868830 \
      FL /home/parallels/Desktop/FAZIA_FEE/FAZIA_code/Original_code/common/fastlink/N_ISERDES8b_MsAllign.vhd \
      EN work/N_ISERDES8b_MsAllign 1615868829 CP tel_icon CP tel_ila_128 CP ISER8b
FL /home/parallels/Desktop/FAZIA_FEE/FAZIA_code/Original_code/common/fastlink/OSER8B.vhd 2021/02/02.18:03:15 P.40xd
EN work/OSER8B 1615868827 \
      FL /home/parallels/Desktop/FAZIA_FEE/FAZIA_code/Original_code/common/fastlink/OSER8B.vhd \
      PB ieee/std_logic_1164 1354696159 LB UNISIM PH unisim/VCOMPONENTS 1354696165
AR work/OSER8B/Behavioral 1615868828 \
      FL /home/parallels/Desktop/FAZIA_FEE/FAZIA_code/Original_code/common/fastlink/OSER8B.vhd \
      EN work/OSER8B 1615868827 CP OSERDES
FL /home/parallels/Desktop/FAZIA_FEE/FAZIA_code/Original_code/common/fastlink/serialiseur.vhd 2021/02/02.18:03:15 P.40xd
EN work/SERIALISEUR 1615868873 \
      FL /home/parallels/Desktop/FAZIA_FEE/FAZIA_code/Original_code/common/fastlink/serialiseur.vhd \
      PB ieee/std_logic_1164 1354696159 PB ieee/std_logic_arith 1354696160 \
      PB ieee/STD_LOGIC_UNSIGNED 1354696162 LB UNISIM PH unisim/VCOMPONENTS 1354696165
AR work/SERIALISEUR/BEHAVIORAL 1615868874 \
      FL /home/parallels/Desktop/FAZIA_FEE/FAZIA_code/Original_code/common/fastlink/serialiseur.vhd \
      EN work/SERIALISEUR 1615868873 CP OSER8B CP OBUFDS
FL /home/parallels/Desktop/FAZIA_FEE/FAZIA_code/Original_code/common/f_channel.vhd 2021/02/02.18:03:15 P.40xd
EN work/FastChannel 1615868911 \
      FL /home/parallels/Desktop/FAZIA_FEE/FAZIA_code/Original_code/common/f_channel.vhd \
      PB ieee/std_logic_1164 1354696159 PB ieee/std_logic_arith 1354696160 \
      PB ieee/STD_LOGIC_UNSIGNED 1354696162 LB UNISIM PH unisim/VCOMPONENTS 1354696165 \
      PB work/tel_defs 1615868814 PH work/align_defs 1615868821 \
      PB work/slow_ct_defs 1615868806
AR work/FastChannel/Behavioral 1615868912 \
      FL /home/parallels/Desktop/FAZIA_FEE/FAZIA_code/Original_code/common/f_channel.vhd \
      EN work/FastChannel 1615868911 CP work/DDR_ADC CP work/Waver
FL /home/parallels/Desktop/FAZIA_FEE/FAZIA_code/Original_code/common/general_io.vhd 2021/02/02.18:03:15 P.40xd
EN work/GeneralIo 1615868903 \
      FL /home/parallels/Desktop/FAZIA_FEE/FAZIA_code/Original_code/common/general_io.vhd \
      PB ieee/std_logic_1164 1354696159 PB ieee/std_logic_arith 1354696160 \
      PB ieee/STD_LOGIC_UNSIGNED 1354696162 LB UNISIM PH unisim/VCOMPONENTS 1354696165 \
      PH work/telescope_conf 1615868822 PB work/tel_defs 1615868814 \
      PB work/slow_ct_defs 1615868806
AR work/GeneralIo/Behavioral 1615868904 \
      FL /home/parallels/Desktop/FAZIA_FEE/FAZIA_code/Original_code/common/general_io.vhd \
      EN work/GeneralIo 1615868903
FL /home/parallels/Desktop/FAZIA_FEE/FAZIA_code/Original_code/common/histogrammer.vhd 2021/02/25.17:34:22 P.40xd
EN work/Histogrammer 1615868887 \
      FL /home/parallels/Desktop/FAZIA_FEE/FAZIA_code/Original_code/common/histogrammer.vhd \
      PB ieee/std_logic_1164 1354696159 PB ieee/std_logic_arith 1354696160 \
      PB ieee/STD_LOGIC_UNSIGNED 1354696162 LB UNISIM PH unisim/VCOMPONENTS 1354696165 \
      PB work/tel_defs 1615868814 PH work/align_defs 1615868821 \
      PB work/slow_ct_defs 1615868806
AR work/Histogrammer/Behavioral 1615868888 \
      FL /home/parallels/Desktop/FAZIA_FEE/FAZIA_code/Original_code/common/histogrammer.vhd \
      EN work/Histogrammer 1615868887 CP ram_1kx24_modified
FL /home/parallels/Desktop/FAZIA_FEE/FAZIA_code/Original_code/common/i2c_byte.vhd 2021/02/02.18:03:15 P.40xd
EN work/i2c_byte 1615868825 \
      FL /home/parallels/Desktop/FAZIA_FEE/FAZIA_code/Original_code/common/i2c_byte.vhd \
      PB ieee/std_logic_1164 1354696159 PB ieee/std_logic_arith 1354696160 \
      PB ieee/STD_LOGIC_UNSIGNED 1354696162
AR work/i2c_byte/Behavioral 1615868826 \
      FL /home/parallels/Desktop/FAZIA_FEE/FAZIA_code/Original_code/common/i2c_byte.vhd \
      EN work/i2c_byte 1615868825
FL /home/parallels/Desktop/FAZIA_FEE/FAZIA_code/Original_code/common/i2c_master.vhd 2021/02/02.18:03:15 P.40xd
EN work/I2cMaster 1615868867 \
      FL /home/parallels/Desktop/FAZIA_FEE/FAZIA_code/Original_code/common/i2c_master.vhd \
      PB ieee/std_logic_1164 1354696159 PB ieee/std_logic_arith 1354696160 \
      PB ieee/STD_LOGIC_UNSIGNED 1354696162
AR work/I2cMaster/Behavioral 1615868868 \
      FL /home/parallels/Desktop/FAZIA_FEE/FAZIA_code/Original_code/common/i2c_master.vhd \
      EN work/I2cMaster 1615868867 CP work/i2c_byte
FL /home/parallels/Desktop/FAZIA_FEE/FAZIA_code/Original_code/common/identity.vhd 2021/02/02.18:03:15 P.40xd
EN work/identity 1615868907 \
      FL /home/parallels/Desktop/FAZIA_FEE/FAZIA_code/Original_code/common/identity.vhd \
      PB ieee/std_logic_1164 1354696159 PB ieee/std_logic_arith 1354696160 \
      PB ieee/STD_LOGIC_UNSIGNED 1354696162 PB work/tel_defs 1615868814 \
      PB work/slow_ct_defs 1615868806 PH work/telescope_conf 1615868822
AR work/identity/Behavioral 1615868908 \
      FL /home/parallels/Desktop/FAZIA_FEE/FAZIA_code/Original_code/common/identity.vhd \
      EN work/identity 1615868907
FL /home/parallels/Desktop/FAZIA_FEE/FAZIA_code/Original_code/common/ipcore_dir/aligner_ram_128x8.vhd 2021/02/02.18:03:15 P.40xd
EN work/aligner_ram_128x8 1613616328 \
      FL /home/parallels/Desktop/FAZIA_FEE/FAZIA_code/Original_code/common/ipcore_dir/aligner_ram_128x8.vhd \
      PB ieee/std_logic_1164 1354696159
AR work/aligner_ram_128x8/aligner_ram_128x8_a 1613616329 \
      FL /home/parallels/Desktop/FAZIA_FEE/FAZIA_code/Original_code/common/ipcore_dir/aligner_ram_128x8.vhd \
      EN work/aligner_ram_128x8 1613616328
FL /home/parallels/Desktop/FAZIA_FEE/FAZIA_code/Original_code/common/ipcore_dir/aligner_rom_128x8.vhd 2021/02/02.18:03:15 P.40xd
EN work/aligner_rom_128x8 1615868857 \
      FL /home/parallels/Desktop/FAZIA_FEE/FAZIA_code/Original_code/common/ipcore_dir/aligner_rom_128x8.vhd \
      PB ieee/std_logic_1164 1354696159
AR work/aligner_rom_128x8/aligner_rom_128x8_a 1615868858 \
      FL /home/parallels/Desktop/FAZIA_FEE/FAZIA_code/Original_code/common/ipcore_dir/aligner_rom_128x8.vhd \
      EN work/aligner_rom_128x8 1615868857
FL /home/parallels/Desktop/FAZIA_FEE/FAZIA_code/Original_code/common/ipcore_dir/My_sysmon.vhd 2021/02/02.18:03:15 P.40xd
EN work/My_sysmon 1615868855 \
      FL /home/parallels/Desktop/FAZIA_FEE/FAZIA_code/Original_code/common/ipcore_dir/My_sysmon.vhd \
      PB ieee/std_logic_1164 1354696159 PB ieee/NUMERIC_STD 1354696164 LB UNISIM \
      PH unisim/VCOMPONENTS 1354696165
AR work/My_sysmon/xilinx 1615868856 \
      FL /home/parallels/Desktop/FAZIA_FEE/FAZIA_code/Original_code/common/ipcore_dir/My_sysmon.vhd \
      EN work/My_sysmon 1615868855 CP SYSMON
FL /home/parallels/Desktop/FAZIA_FEE/FAZIA_code/Original_code/common/ipcore_dir/ram_128x16.vhd 2021/02/02.18:03:15 P.40xd
EN work/ram_128x16 1613277464 \
      FL /home/parallels/Desktop/FAZIA_FEE/FAZIA_code/Original_code/common/ipcore_dir/ram_128x16.vhd \
      PB ieee/std_logic_1164 1354696159
AR work/ram_128x16/ram_128x16_a 1613277465 \
      FL /home/parallels/Desktop/FAZIA_FEE/FAZIA_code/Original_code/common/ipcore_dir/ram_128x16.vhd \
      EN work/ram_128x16 1613277464
FL /home/parallels/Desktop/FAZIA_FEE/FAZIA_code/Original_code/common/ipcore_dir/ram_16x16.vhd 2021/02/02.18:03:15 P.40xd
EN work/ram_16x16 1613282294 \
      FL /home/parallels/Desktop/FAZIA_FEE/FAZIA_code/Original_code/common/ipcore_dir/ram_16x16.vhd \
      PB ieee/std_logic_1164 1354696159
AR work/ram_16x16/ram_16x16_a 1613282295 \
      FL /home/parallels/Desktop/FAZIA_FEE/FAZIA_code/Original_code/common/ipcore_dir/ram_16x16.vhd \
      EN work/ram_16x16 1613282294
FL /home/parallels/Desktop/FAZIA_FEE/FAZIA_code/Original_code/common/ipcore_dir/ram_1kx14.vhd 2021/02/02.18:03:15 P.40xd
EN work/ram_1kx14 1613616306 \
      FL /home/parallels/Desktop/FAZIA_FEE/FAZIA_code/Original_code/common/ipcore_dir/ram_1kx14.vhd \
      PB ieee/std_logic_1164 1354696159
AR work/ram_1kx14/ram_1kx14_a 1613616307 \
      FL /home/parallels/Desktop/FAZIA_FEE/FAZIA_code/Original_code/common/ipcore_dir/ram_1kx14.vhd \
      EN work/ram_1kx14 1613616306
FL /home/parallels/Desktop/FAZIA_FEE/FAZIA_code/Original_code/common/ipcore_dir/ram_1kx15.vhd 2021/02/02.18:03:15 P.40xd
EN work/ram_1kx15 1613616276 \
      FL /home/parallels/Desktop/FAZIA_FEE/FAZIA_code/Original_code/common/ipcore_dir/ram_1kx15.vhd \
      PB ieee/std_logic_1164 1354696159
AR work/ram_1kx15/ram_1kx15_a 1613616277 \
      FL /home/parallels/Desktop/FAZIA_FEE/FAZIA_code/Original_code/common/ipcore_dir/ram_1kx15.vhd \
      EN work/ram_1kx15 1613616276
FL /home/parallels/Desktop/FAZIA_FEE/FAZIA_code/Original_code/common/ipcore_dir/ram_1kx24.vhd 2021/02/02.18:03:15 P.40xd
EN work/ram_1kx24 1613616300 \
      FL /home/parallels/Desktop/FAZIA_FEE/FAZIA_code/Original_code/common/ipcore_dir/ram_1kx24.vhd \
      PB ieee/std_logic_1164 1354696159
AR work/ram_1kx24/ram_1kx24_a 1613616301 \
      FL /home/parallels/Desktop/FAZIA_FEE/FAZIA_code/Original_code/common/ipcore_dir/ram_1kx24.vhd \
      EN work/ram_1kx24 1613616300
FL /home/parallels/Desktop/FAZIA_FEE/FAZIA_code/Original_code/common/ipcore_dir/ram_256x14.vhd 2021/02/02.18:03:15 P.40xd
EN work/ram_256x14 1613616284 \
      FL /home/parallels/Desktop/FAZIA_FEE/FAZIA_code/Original_code/common/ipcore_dir/ram_256x14.vhd \
      PB ieee/std_logic_1164 1354696159
AR work/ram_256x14/ram_256x14_a 1613616285 \
      FL /home/parallels/Desktop/FAZIA_FEE/FAZIA_code/Original_code/common/ipcore_dir/ram_256x14.vhd \
      EN work/ram_256x14 1613616284
FL /home/parallels/Desktop/FAZIA_FEE/FAZIA_code/Original_code/common/ipcore_dir/ram_256x16.vhd 2021/02/02.18:03:15 P.40xd
EN work/ram_256x16 1613282302 \
      FL /home/parallels/Desktop/FAZIA_FEE/FAZIA_code/Original_code/common/ipcore_dir/ram_256x16.vhd \
      PB ieee/std_logic_1164 1354696159
AR work/ram_256x16/ram_256x16_a 1613282303 \
      FL /home/parallels/Desktop/FAZIA_FEE/FAZIA_code/Original_code/common/ipcore_dir/ram_256x16.vhd \
      EN work/ram_256x16 1613282302
FL /home/parallels/Desktop/FAZIA_FEE/FAZIA_code/Original_code/common/ipcore_dir/ram_2kx15.vhd 2021/02/02.18:03:15 P.40xd
EN work/ram_2kx15 1613616278 \
      FL /home/parallels/Desktop/FAZIA_FEE/FAZIA_code/Original_code/common/ipcore_dir/ram_2kx15.vhd \
      PB ieee/std_logic_1164 1354696159
AR work/ram_2kx15/ram_2kx15_a 1613616279 \
      FL /home/parallels/Desktop/FAZIA_FEE/FAZIA_code/Original_code/common/ipcore_dir/ram_2kx15.vhd \
      EN work/ram_2kx15 1613616278
FL /home/parallels/Desktop/FAZIA_FEE/FAZIA_code/Original_code/common/ipcore_dir/ram_32x16.vhd 2021/02/02.18:03:15 P.40xd
EN work/ram_32x16 1613282296 \
      FL /home/parallels/Desktop/FAZIA_FEE/FAZIA_code/Original_code/common/ipcore_dir/ram_32x16.vhd \
      PB ieee/std_logic_1164 1354696159
AR work/ram_32x16/ram_32x16_a 1613282297 \
      FL /home/parallels/Desktop/FAZIA_FEE/FAZIA_code/Original_code/common/ipcore_dir/ram_32x16.vhd \
      EN work/ram_32x16 1613282296
FL /home/parallels/Desktop/FAZIA_FEE/FAZIA_code/Original_code/common/ipcore_dir/ram_4kx14.vhd 2021/02/02.18:03:15 P.40xd
EN work/ram_4kx14 1613616308 \
      FL /home/parallels/Desktop/FAZIA_FEE/FAZIA_code/Original_code/common/ipcore_dir/ram_4kx14.vhd \
      PB ieee/std_logic_1164 1354696159
AR work/ram_4kx14/ram_4kx14_a 1613616309 \
      FL /home/parallels/Desktop/FAZIA_FEE/FAZIA_code/Original_code/common/ipcore_dir/ram_4kx14.vhd \
      EN work/ram_4kx14 1613616308
FL /home/parallels/Desktop/FAZIA_FEE/FAZIA_code/Original_code/common/ipcore_dir/ram_64x16.vhd 2021/02/02.18:03:15 P.40xd
EN work/ram_64x16 1613281794 \
      FL /home/parallels/Desktop/FAZIA_FEE/FAZIA_code/Original_code/common/ipcore_dir/ram_64x16.vhd \
      PB ieee/std_logic_1164 1354696159
AR work/ram_64x16/ram_64x16_a 1613281795 \
      FL /home/parallels/Desktop/FAZIA_FEE/FAZIA_code/Original_code/common/ipcore_dir/ram_64x16.vhd \
      EN work/ram_64x16 1613281794
FL /home/parallels/Desktop/FAZIA_FEE/FAZIA_code/Original_code/common/ipcore_dir/ram_8kx14.vhd 2021/02/02.18:03:15 P.40xd
EN work/ram_8kx14 1613616310 \
      FL /home/parallels/Desktop/FAZIA_FEE/FAZIA_code/Original_code/common/ipcore_dir/ram_8kx14.vhd \
      PB ieee/std_logic_1164 1354696159
AR work/ram_8kx14/ram_8kx14_a 1613616311 \
      FL /home/parallels/Desktop/FAZIA_FEE/FAZIA_code/Original_code/common/ipcore_dir/ram_8kx14.vhd \
      EN work/ram_8kx14 1613616310
FL /home/parallels/Desktop/FAZIA_FEE/FAZIA_code/Original_code/common/ipcore_dir/spi_adc_rom.vhd 2021/02/02.18:03:15 P.40xd
EN work/spi_adc_rom 1615868861 \
      FL /home/parallels/Desktop/FAZIA_FEE/FAZIA_code/Original_code/common/ipcore_dir/spi_adc_rom.vhd \
      PB ieee/std_logic_1164 1354696159
AR work/spi_adc_rom/spi_adc_rom_a 1615868862 \
      FL /home/parallels/Desktop/FAZIA_FEE/FAZIA_code/Original_code/common/ipcore_dir/spi_adc_rom.vhd \
      EN work/spi_adc_rom 1615868861
FL /home/parallels/Desktop/FAZIA_FEE/FAZIA_code/Original_code/common/offset_ctrl.vhd 2021/02/02.18:03:15 P.40xd
EN work/OffsetCtrl 1615868923 \
      FL /home/parallels/Desktop/FAZIA_FEE/FAZIA_code/Original_code/common/offset_ctrl.vhd \
      PB ieee/std_logic_1164 1354696159 PB ieee/std_logic_arith 1354696160 \
      PB ieee/STD_LOGIC_UNSIGNED 1354696162 PB work/tel_defs 1615868814 \
      PB work/slow_ct_defs 1615868806
AR work/OffsetCtrl/Behavioral 1615868924 \
      FL /home/parallels/Desktop/FAZIA_FEE/FAZIA_code/Original_code/common/offset_ctrl.vhd \
      EN work/OffsetCtrl 1615868923 CP work/I2cMaster
FL /home/parallels/Desktop/FAZIA_FEE/FAZIA_code/Original_code/common/pic_itf.vhd 2021/02/02.18:03:15 P.40xd
EN work/PicItf 1615868865 \
      FL /home/parallels/Desktop/FAZIA_FEE/FAZIA_code/Original_code/common/pic_itf.vhd \
      PB ieee/std_logic_1164 1354696159 PB ieee/std_logic_arith 1354696160 \
      PB ieee/STD_LOGIC_UNSIGNED 1354696162 LB UNISIM PH unisim/VCOMPONENTS 1354696165 \
      PB work/slow_ct_defs 1615868806
AR work/PicItf/Behavioral 1615868866 \
      FL /home/parallels/Desktop/FAZIA_FEE/FAZIA_code/Original_code/common/pic_itf.vhd \
      EN work/PicItf 1615868865
FL /home/parallels/Desktop/FAZIA_FEE/FAZIA_code/Original_code/common/reader.vhd 2021/02/02.18:03:15 P.40xd
EN work/reader 1615868853 \
      FL /home/parallels/Desktop/FAZIA_FEE/FAZIA_code/Original_code/common/reader.vhd \
      PB ieee/std_logic_1164 1354696159 PB ieee/std_logic_arith 1354696160 \
      PB ieee/STD_LOGIC_UNSIGNED 1354696162 LB UNISIM PH unisim/VCOMPONENTS 1354696165 \
      PB work/tel_defs 1615868814 PH work/align_defs 1615868821 \
      PB work/slow_ct_defs 1615868806 PH work/telescope_conf 1615868822
AR work/reader/Behavioral 1615868854 \
      FL /home/parallels/Desktop/FAZIA_FEE/FAZIA_code/Original_code/common/reader.vhd \
      EN work/reader 1615868853 CP tel_icon CP tel_ila
FL /home/parallels/Desktop/FAZIA_FEE/FAZIA_code/Original_code/common/read_engine_new.vhd 2021/02/16.19:22:16 P.40xd
EN work/ReadEngine 1615868917 \
      FL /home/parallels/Desktop/FAZIA_FEE/FAZIA_code/Original_code/common/read_engine_new.vhd \
      PB ieee/std_logic_1164 1354696159 PB ieee/STD_LOGIC_UNSIGNED 1354696162 \
      PB ieee/NUMERIC_STD 1354696164 PB work/tel_defs 1615868814 \
      PB work/slow_ct_defs 1615868806
AR work/ReadEngine/Behavioral 1615868918 \
      FL /home/parallels/Desktop/FAZIA_FEE/FAZIA_code/Original_code/common/read_engine_new.vhd \
      EN work/ReadEngine 1615868917 CP tel_icon CP tel_ila_dual_128 \
      CP ram_32x16_modified CP ram_64x16_modified CP ram_128x16_modified
FL /home/parallels/Desktop/FAZIA_FEE/FAZIA_code/Original_code/common/retard_1.vhd 2021/02/25.17:17:53 P.40xd
EN work/retard_1 1615868817 \
      FL /home/parallels/Desktop/FAZIA_FEE/FAZIA_code/Original_code/common/retard_1.vhd \
      PB ieee/std_logic_1164 1354696159 PB ieee/std_logic_arith 1354696160
AR work/retard_1/Behavioral 1615868818 \
      FL /home/parallels/Desktop/FAZIA_FEE/FAZIA_code/Original_code/common/retard_1.vhd \
      EN work/retard_1 1615868817 CP ram_1kx15_modified
FL /home/parallels/Desktop/FAZIA_FEE/FAZIA_code/Original_code/common/retard_2.vhd 2021/02/25.17:17:54 P.40xd
EN work/retard_2 1615868819 \
      FL /home/parallels/Desktop/FAZIA_FEE/FAZIA_code/Original_code/common/retard_2.vhd \
      PB ieee/std_logic_1164 1354696159 PB ieee/std_logic_arith 1354696160
AR work/retard_2/Behavioral 1615868820 \
      FL /home/parallels/Desktop/FAZIA_FEE/FAZIA_code/Original_code/common/retard_2.vhd \
      EN work/retard_2 1615868819 CP ram_1kx15_modified CP ram_2kx15_modified
FL /home/parallels/Desktop/FAZIA_FEE/FAZIA_code/Original_code/common/scItf.vhd 2021/02/02.18:03:15 P.40xd
EN work/ScItf 1615868925 \
      FL /home/parallels/Desktop/FAZIA_FEE/FAZIA_code/Original_code/common/scItf.vhd \
      PB ieee/std_logic_1164 1354696159 PB ieee/std_logic_arith 1354696160 \
      PB ieee/STD_LOGIC_UNSIGNED 1354696162 LB UNISIM PH unisim/VCOMPONENTS 1354696165 \
      PB work/slow_ct_defs 1615868806
AR work/ScItf/Behavioral 1615868926 \
      FL /home/parallels/Desktop/FAZIA_FEE/FAZIA_code/Original_code/common/scItf.vhd \
      EN work/ScItf 1615868925 CP work/UsbItf_new CP work/PicItf
FL /home/parallels/Desktop/FAZIA_FEE/FAZIA_code/Original_code/common/shaper.vhd 2021/02/02.18:03:15 P.40xd
EN work/shaper 1615868833 \
      FL /home/parallels/Desktop/FAZIA_FEE/FAZIA_code/Original_code/common/shaper.vhd \
      PB ieee/std_logic_1164 1354696159 PB ieee/NUMERIC_STD 1354696164 \
      PB ieee/STD_LOGIC_SIGNED 1354696161 PB work/tel_defs 1615868814
AR work/shaper/Behavioral 1615868834 \
      FL /home/parallels/Desktop/FAZIA_FEE/FAZIA_code/Original_code/common/shaper.vhd \
      EN work/shaper 1615868833 CP work/retard_1 CP work/retard_2
FL /home/parallels/Desktop/FAZIA_FEE/FAZIA_code/Original_code/common/slow_ct_defs.vhd 2021/02/02.18:03:15 P.40xd
PH work/slow_ct_defs 1615868805 \
      FL /home/parallels/Desktop/FAZIA_FEE/FAZIA_code/Original_code/common/slow_ct_defs.vhd \
      PB ieee/std_logic_1164 1354696159
PB work/slow_ct_defs 1615868806 \
      FL /home/parallels/Desktop/FAZIA_FEE/FAZIA_code/Original_code/common/slow_ct_defs.vhd \
      PH work/slow_ct_defs 1615868805
FL /home/parallels/Desktop/FAZIA_FEE/FAZIA_code/Original_code/common/spi.vhd 2021/02/02.18:03:15 P.40xd
EN work/SpiAdc 1615868893 \
      FL /home/parallels/Desktop/FAZIA_FEE/FAZIA_code/Original_code/common/spi.vhd \
      PB ieee/std_logic_1164 1354696159 PB ieee/std_logic_arith 1354696160 \
      PB ieee/STD_LOGIC_UNSIGNED 1354696162 PB work/tel_defs 1615868814 \
      PH work/align_defs 1615868821 PB work/slow_ct_defs 1615868806
AR work/SpiAdc/Behavioral 1615868894 \
      FL /home/parallels/Desktop/FAZIA_FEE/FAZIA_code/Original_code/common/spi.vhd \
      EN work/SpiAdc 1615868893 CP spi_adc_rom
FL /home/parallels/Desktop/FAZIA_FEE/FAZIA_code/Original_code/common/sysmon.vhd 2021/02/02.18:03:15 P.40xd
EN work/USERSYSMON 1615868889 \
      FL /home/parallels/Desktop/FAZIA_FEE/FAZIA_code/Original_code/common/sysmon.vhd \
      PB ieee/std_logic_1164 1354696159 PB ieee/std_logic_arith 1354696160 \
      PB ieee/STD_LOGIC_UNSIGNED 1354696162 LB UNISIM PH unisim/VCOMPONENTS 1354696165
AR work/USERSYSMON/toto 1615868890 \
      FL /home/parallels/Desktop/FAZIA_FEE/FAZIA_code/Original_code/common/sysmon.vhd \
      EN work/USERSYSMON 1615868889 CP My_sysmon
FL /home/parallels/Desktop/FAZIA_FEE/FAZIA_code/Original_code/common/s_channel.vhd 2021/02/02.18:03:15 P.40xd
EN work/SlowChannel 1615868909 \
      FL /home/parallels/Desktop/FAZIA_FEE/FAZIA_code/Original_code/common/s_channel.vhd \
      PB ieee/std_logic_1164 1354696159 PB ieee/std_logic_arith 1354696160 \
      PB ieee/STD_LOGIC_UNSIGNED 1354696162 LB UNISIM PH unisim/VCOMPONENTS 1354696165 \
      PB work/tel_defs 1615868814 PH work/align_defs 1615868821 \
      PB work/slow_ct_defs 1615868806
AR work/SlowChannel/Behavioral 1615868910 \
      FL /home/parallels/Desktop/FAZIA_FEE/FAZIA_code/Original_code/common/s_channel.vhd \
      EN work/SlowChannel 1615868909 CP work/DDR_ADC CP work/Waver CP work/Energy \
      CP work/ETrigger CP work/Histogrammer
FL /home/parallels/Desktop/FAZIA_FEE/FAZIA_code/Original_code/common/telescope.vhd 2021/03/16.13:26:34 P.40xd
EN work/telescope 1615868935 \
      FL /home/parallels/Desktop/FAZIA_FEE/FAZIA_code/Original_code/common/telescope.vhd \
      PB ieee/std_logic_1164 1354696159 PB ieee/std_logic_arith 1354696160 \
      PB ieee/STD_LOGIC_UNSIGNED 1354696162 LB UNISIM PH unisim/VCOMPONENTS 1354696165 \
      PB work/tel_defs 1615868814 PH work/align_defs 1615868821 \
      PB work/slow_ct_defs 1615868806 PH work/telescope_conf 1615868822
AR work/telescope/telescope_arch 1615868936 \
      FL /home/parallels/Desktop/FAZIA_FEE/FAZIA_code/Original_code/common/telescope.vhd \
      EN work/telescope 1615868935 CP tel_icon CP tel_ila CP dcm_200 CP IBUFGDS \
      CP work/AdcMon CP work/comZone CP work/GeneralIo CP work/SysMonitor \
      CP work/identity CP work/SlowChannel CP work/FastChannel CP work/CsiChannel \
      CP work/Terminator CP work/readEngine CP work/FASTLINK CP work/trigger \
      CP work/OffsetCtrl CP TalkToLmk CP work/ScItf CP IBUFDS CP GlobalTrigger \
      CP work/Virblock CP OBUFDS CP IOBUF CP work/Gene CP work/psSyncGen
FL /home/parallels/Desktop/FAZIA_FEE/FAZIA_code/Original_code/common/tel_defs.vhd 2021/02/02.18:03:15 P.40xd
PH work/tel_defs 1615868813 \
      FL /home/parallels/Desktop/FAZIA_FEE/FAZIA_code/Original_code/common/tel_defs.vhd \
      PB ieee/std_logic_1164 1354696159 PB work/slow_ct_defs 1615868806
PB work/tel_defs 1615868814 \
      FL /home/parallels/Desktop/FAZIA_FEE/FAZIA_code/Original_code/common/tel_defs.vhd \
      PH work/tel_defs 1615868813
FL /home/parallels/Desktop/FAZIA_FEE/FAZIA_code/Original_code/common/tel_sysmon.vhd 2021/02/02.18:03:15 P.40xd
EN work/SysMonitor 1615868905 \
      FL /home/parallels/Desktop/FAZIA_FEE/FAZIA_code/Original_code/common/tel_sysmon.vhd \
      PB ieee/std_logic_1164 1354696159 PB ieee/std_logic_arith 1354696160 \
      PB ieee/STD_LOGIC_UNSIGNED 1354696162 LB UNISIM PH unisim/VCOMPONENTS 1354696165 \
      PB work/tel_defs 1615868814 PB work/slow_ct_defs 1615868806
AR work/SysMonitor/behavioral 1615868906 \
      FL /home/parallels/Desktop/FAZIA_FEE/FAZIA_code/Original_code/common/tel_sysmon.vhd \
      EN work/SysMonitor 1615868905 CP work/UserSysMon
FL /home/parallels/Desktop/FAZIA_FEE/FAZIA_code/Original_code/common/terminator.vhd 2021/02/02.18:03:15 P.40xd
EN work/Terminator 1615868915 \
      FL /home/parallels/Desktop/FAZIA_FEE/FAZIA_code/Original_code/common/terminator.vhd \
      PB ieee/std_logic_1164 1354696159 PB ieee/std_logic_arith 1354696160 \
      PB work/tel_defs 1615868814
AR work/Terminator/Behavioral 1615868916 \
      FL /home/parallels/Desktop/FAZIA_FEE/FAZIA_code/Original_code/common/terminator.vhd \
      EN work/Terminator 1615868915
FL /home/parallels/Desktop/FAZIA_FEE/FAZIA_code/Original_code/common/trigger.vhd 2021/02/02.18:03:15 P.40xd
EN work/trigger 1615868921 \
      FL /home/parallels/Desktop/FAZIA_FEE/FAZIA_code/Original_code/common/trigger.vhd \
      PB ieee/std_logic_1164 1354696159 PB ieee/std_logic_arith 1354696160 \
      PB ieee/STD_LOGIC_UNSIGNED 1354696162 PB work/tel_defs 1615868814 \
      PB work/slow_ct_defs 1615868806 PH work/telescope_conf 1615868822
AR work/trigger/Behavioral 1615868922 \
      FL /home/parallels/Desktop/FAZIA_FEE/FAZIA_code/Original_code/common/trigger.vhd \
      EN work/trigger 1615868921 CP tel_icon CP tel_ila_trig64
FL /home/parallels/Desktop/FAZIA_FEE/FAZIA_code/Original_code/common/usb_get_new.vhd 2021/02/02.18:03:15 P.40xd
EN work/usbGet_new 1615868823 \
      FL /home/parallels/Desktop/FAZIA_FEE/FAZIA_code/Original_code/common/usb_get_new.vhd \
      PB ieee/std_logic_1164 1354696159 PB ieee/std_logic_arith 1354696160 \
      PB ieee/STD_LOGIC_UNSIGNED 1354696162
AR work/usbGet_new/usbGetArch 1615868824 \
      FL /home/parallels/Desktop/FAZIA_FEE/FAZIA_code/Original_code/common/usb_get_new.vhd \
      EN work/usbGet_new 1615868823
FL /home/parallels/Desktop/FAZIA_FEE/FAZIA_code/Original_code/common/usb_itf_new.vhd 2021/02/02.18:03:15 P.40xd
EN work/usbItf_new 1615868863 \
      FL /home/parallels/Desktop/FAZIA_FEE/FAZIA_code/Original_code/common/usb_itf_new.vhd \
      PB ieee/std_logic_1164 1354696159 PB ieee/std_logic_arith 1354696160 \
      PB ieee/STD_LOGIC_UNSIGNED 1354696162 PB work/slow_ct_defs 1615868806
AR work/UsbItf_new/usbItfArch 1615868864 \
      FL /home/parallels/Desktop/FAZIA_FEE/FAZIA_code/Original_code/common/usb_itf_new.vhd \
      EN work/usbItf_new 1615868863 CP work/usbGet_new
FL /home/parallels/Desktop/FAZIA_FEE/FAZIA_code/Original_code/common/waver.vhd 2021/03/02.17:24:15 P.40xd
EN work/Waver 1615868881 \
      FL /home/parallels/Desktop/FAZIA_FEE/FAZIA_code/Original_code/common/waver.vhd \
      PB ieee/std_logic_1164 1354696159 PB ieee/std_logic_arith 1354696160 \
      PB ieee/STD_LOGIC_UNSIGNED 1354696162 LB UNISIM PH unisim/VCOMPONENTS 1354696165 \
      PB work/tel_defs 1615868814 PH work/align_defs 1615868821 \
      PB work/slow_ct_defs 1615868806 PH work/telescope_conf 1615868822
AR work/Waver/Behavioral 1615868882 \
      FL /home/parallels/Desktop/FAZIA_FEE/FAZIA_code/Original_code/common/waver.vhd \
      EN work/Waver 1615868881 CP tel_icon CP tel_ila_36 CP ram_1kx14_modified \
      CP ram_4kx14_modified CP ram_8kx14_modified CP ram_16x16_modified \
      CP ram_32x16_modified CP ram_64x16_modified CP ram_128x16_modified \
      CP ram_256x16_modified CP work/Reader
FL /home/parallels/Desktop/FAZIA_FEE/FAZIA_code/Original_code/tel_a/global_trigger.vhd 2021/02/02.18:03:15 P.40xd
EN work/GlobalTrigger 1615868927 \
      FL /home/parallels/Desktop/FAZIA_FEE/FAZIA_code/Original_code/tel_a/global_trigger.vhd \
      PB ieee/std_logic_1164 1354696159 PB ieee/std_logic_arith 1354696160 \
      PB ieee/STD_LOGIC_UNSIGNED 1354696162 PB work/tel_defs 1615868814
AR work/GlobalTrigger/Behavioral 1615868928 \
      FL /home/parallels/Desktop/FAZIA_FEE/FAZIA_code/Original_code/tel_a/global_trigger.vhd \
      EN work/GlobalTrigger 1615868927
FL /home/parallels/Desktop/FAZIA_FEE/FAZIA_code/Original_code/tel_a/virBlock.vhd 2021/02/02.18:03:15 P.40xd
EN work/VirBlock 1615868929 \
      FL /home/parallels/Desktop/FAZIA_FEE/FAZIA_code/Original_code/tel_a/virBlock.vhd \
      PB ieee/std_logic_1164 1354696159 PB ieee/std_logic_arith 1354696160 \
      PB ieee/STD_LOGIC_UNSIGNED 1354696162 LB UNISIM PH unisim/VCOMPONENTS 1354696165 \
      PB work/tel_defs 1615868814 PB work/slow_ct_defs 1615868806
AR work/virBlock/virBlock_arch 1615868930 \
      FL /home/parallels/Desktop/FAZIA_FEE/FAZIA_code/Original_code/tel_a/virBlock.vhd \
      EN work/VirBlock 1615868929
FL /home/parallels/Desktop/FAZIA_FEE/FAZIA_code/Original_code/tel_b/dcm_200.vhd 2021/02/02.18:03:15 P.40xd
EN work/dcm_200 1615868897 \
      FL /home/parallels/Desktop/FAZIA_FEE/FAZIA_code/Original_code/tel_b/dcm_200.vhd \
      PB ieee/std_logic_1164 1354696159 PB ieee/NUMERIC_STD 1354696164 LB UNISIM \
      PH unisim/VCOMPONENTS 1354696165
AR work/dcm_200/BEHAVIORAL 1615868898 \
      FL /home/parallels/Desktop/FAZIA_FEE/FAZIA_code/Original_code/tel_b/dcm_200.vhd \
      EN work/dcm_200 1615868897 CP BUFG CP DCM_ADV
FL /home/parallels/Desktop/FAZIA_FEE/FAZIA_code/Original_code/tel_b/gene.vhd 2021/02/02.18:03:15 P.40xd
EN work/Gene 1615868931 \
      FL /home/parallels/Desktop/FAZIA_FEE/FAZIA_code/Original_code/tel_b/gene.vhd \
      PB ieee/std_logic_1164 1354696159 PB ieee/STD_LOGIC_UNSIGNED 1354696162 \
      PB ieee/std_logic_arith 1354696160 PB work/tel_defs 1615868814 \
      PB work/slow_ct_defs 1615868806
AR work/gene/Behavioral 1615868932 \
      FL /home/parallels/Desktop/FAZIA_FEE/FAZIA_code/Original_code/tel_b/gene.vhd \
      EN work/Gene 1615868931
FL /home/parallels/Desktop/FAZIA_FEE/FAZIA_code/Original_code/tel_b/ipcore_dir/aligner_ram_128x8_modified.vhd 2021/02/25.17:02:54 P.40xd
EN work/aligner_ram_128x8_modified 1615868859 \
      FL /home/parallels/Desktop/FAZIA_FEE/FAZIA_code/Original_code/tel_b/ipcore_dir/aligner_ram_128x8_modified.vhd \
      PB ieee/std_logic_1164 1354696159
AR work/aligner_ram_128x8_modified/aligner_ram_128x8_modified_a 1615868860 \
      FL /home/parallels/Desktop/FAZIA_FEE/FAZIA_code/Original_code/tel_b/ipcore_dir/aligner_ram_128x8_modified.vhd \
      EN work/aligner_ram_128x8_modified 1615868859
FL /home/parallels/Desktop/FAZIA_FEE/FAZIA_code/Original_code/tel_b/ipcore_dir/fifo2_modified.vhd 2021/03/02.17:41:48 P.40xd
EN work/fifo2_modified 1615868877 \
      FL /home/parallels/Desktop/FAZIA_FEE/FAZIA_code/Original_code/tel_b/ipcore_dir/fifo2_modified.vhd \
      PB ieee/std_logic_1164 1354696159
AR work/fifo2_modified/fifo2_modified_a 1615868878 \
      FL /home/parallels/Desktop/FAZIA_FEE/FAZIA_code/Original_code/tel_b/ipcore_dir/fifo2_modified.vhd \
      EN work/fifo2_modified 1615868877
FL /home/parallels/Desktop/FAZIA_FEE/FAZIA_code/Original_code/tel_b/ipcore_dir/fifo_modified.vhd 2021/03/02.17:38:43 P.40xd
EN work/fifo_modified 1615868875 \
      FL /home/parallels/Desktop/FAZIA_FEE/FAZIA_code/Original_code/tel_b/ipcore_dir/fifo_modified.vhd \
      PB ieee/std_logic_1164 1354696159
AR work/fifo_modified/fifo_modified_a 1615868876 \
      FL /home/parallels/Desktop/FAZIA_FEE/FAZIA_code/Original_code/tel_b/ipcore_dir/fifo_modified.vhd \
      EN work/fifo_modified 1615868875
FL /home/parallels/Desktop/FAZIA_FEE/FAZIA_code/Original_code/tel_b/ipcore_dir/ram_128x16_modified.vhd 2021/02/14.13:48:13 P.40xd
EN work/ram_128x16_modified 1615868849 \
      FL /home/parallels/Desktop/FAZIA_FEE/FAZIA_code/Original_code/tel_b/ipcore_dir/ram_128x16_modified.vhd \
      PB ieee/std_logic_1164 1354696159
AR work/ram_128x16_modified/ram_128x16_modified_a 1615868850 \
      FL /home/parallels/Desktop/FAZIA_FEE/FAZIA_code/Original_code/tel_b/ipcore_dir/ram_128x16_modified.vhd \
      EN work/ram_128x16_modified 1615868849
FL /home/parallels/Desktop/FAZIA_FEE/FAZIA_code/Original_code/tel_b/ipcore_dir/ram_128x16_modified_synth.vhd 2021/02/14.13:48:13 P.40xd
AR work/ram_128x16_modified/virtex5 -1 \
      FL /home/parallels/Desktop/FAZIA_FEE/FAZIA_code/Original_code/tel_b/ipcore_dir/ram_128x16_modified_synth.vhd \
      EN work/ram_128x16_modified 1615868849
FL /home/parallels/Desktop/FAZIA_FEE/FAZIA_code/Original_code/tel_b/ipcore_dir/ram_16x16_modified.vhd 2021/02/16.19:18:31 P.40xd
EN work/ram_16x16_modified 1615868843 \
      FL /home/parallels/Desktop/FAZIA_FEE/FAZIA_code/Original_code/tel_b/ipcore_dir/ram_16x16_modified.vhd \
      PB ieee/std_logic_1164 1354696159
AR work/ram_16x16_modified/ram_16x16_modified_a 1615868844 \
      FL /home/parallels/Desktop/FAZIA_FEE/FAZIA_code/Original_code/tel_b/ipcore_dir/ram_16x16_modified.vhd \
      EN work/ram_16x16_modified 1615868843
FL /home/parallels/Desktop/FAZIA_FEE/FAZIA_code/Original_code/tel_b/ipcore_dir/ram_1kx14_modified.vhd 2021/02/25.17:09:03 P.40xd
EN work/ram_1kx14_modified 1615868837 \
      FL /home/parallels/Desktop/FAZIA_FEE/FAZIA_code/Original_code/tel_b/ipcore_dir/ram_1kx14_modified.vhd \
      PB ieee/std_logic_1164 1354696159
AR work/ram_1kx14_modified/ram_1kx14_modified_a 1615868838 \
      FL /home/parallels/Desktop/FAZIA_FEE/FAZIA_code/Original_code/tel_b/ipcore_dir/ram_1kx14_modified.vhd \
      EN work/ram_1kx14_modified 1615868837
FL /home/parallels/Desktop/FAZIA_FEE/FAZIA_code/Original_code/tel_b/ipcore_dir/ram_1kx15_modified.vhd 2021/02/25.17:14:22 P.40xd
EN work/ram_1kx15_modified 1615868807 \
      FL /home/parallels/Desktop/FAZIA_FEE/FAZIA_code/Original_code/tel_b/ipcore_dir/ram_1kx15_modified.vhd \
      PB ieee/std_logic_1164 1354696159
AR work/ram_1kx15_modified/ram_1kx15_modified_a 1615868808 \
      FL /home/parallels/Desktop/FAZIA_FEE/FAZIA_code/Original_code/tel_b/ipcore_dir/ram_1kx15_modified.vhd \
      EN work/ram_1kx15_modified 1615868807
FL /home/parallels/Desktop/FAZIA_FEE/FAZIA_code/Original_code/tel_b/ipcore_dir/ram_1kx24_modified.vhd 2021/02/25.17:28:23 P.40xd
EN work/ram_1kx24_modified 1615868831 \
      FL /home/parallels/Desktop/FAZIA_FEE/FAZIA_code/Original_code/tel_b/ipcore_dir/ram_1kx24_modified.vhd \
      PB ieee/std_logic_1164 1354696159
AR work/ram_1kx24_modified/ram_1kx24_modified_a 1615868832 \
      FL /home/parallels/Desktop/FAZIA_FEE/FAZIA_code/Original_code/tel_b/ipcore_dir/ram_1kx24_modified.vhd \
      EN work/ram_1kx24_modified 1615868831
FL /home/parallels/Desktop/FAZIA_FEE/FAZIA_code/Original_code/tel_b/ipcore_dir/ram_256x14_modified.vhd 2021/02/25.17:36:43 P.40xd
EN work/ram_256x14_modified 1615868815 \
      FL /home/parallels/Desktop/FAZIA_FEE/FAZIA_code/Original_code/tel_b/ipcore_dir/ram_256x14_modified.vhd \
      PB ieee/std_logic_1164 1354696159
AR work/ram_256x14_modified/ram_256x14_modified_a 1615868816 \
      FL /home/parallels/Desktop/FAZIA_FEE/FAZIA_code/Original_code/tel_b/ipcore_dir/ram_256x14_modified.vhd \
      EN work/ram_256x14_modified 1615868815
FL /home/parallels/Desktop/FAZIA_FEE/FAZIA_code/Original_code/tel_b/ipcore_dir/ram_256x16_modified.vhd 2021/02/17.15:53:50 P.40xd
EN work/ram_256x16_modified 1615868851 \
      FL /home/parallels/Desktop/FAZIA_FEE/FAZIA_code/Original_code/tel_b/ipcore_dir/ram_256x16_modified.vhd \
      PB ieee/std_logic_1164 1354696159
AR work/ram_256x16_modified/ram_256x16_modified_a 1615868852 \
      FL /home/parallels/Desktop/FAZIA_FEE/FAZIA_code/Original_code/tel_b/ipcore_dir/ram_256x16_modified.vhd \
      EN work/ram_256x16_modified 1615868851
FL /home/parallels/Desktop/FAZIA_FEE/FAZIA_code/Original_code/tel_b/ipcore_dir/ram_256x16_modified_synth.vhd 2021/02/17.15:53:50 P.40xd
AR work/ram_256x16_modified/virtex5 -1 \
      FL /home/parallels/Desktop/FAZIA_FEE/FAZIA_code/Original_code/tel_b/ipcore_dir/ram_256x16_modified_synth.vhd \
      EN work/ram_256x16_modified 1615868851
FL /home/parallels/Desktop/FAZIA_FEE/FAZIA_code/Original_code/tel_b/ipcore_dir/ram_2kx15_modified.vhd 2021/02/25.17:17:29 P.40xd
EN work/ram_2kx15_modified 1615868809 \
      FL /home/parallels/Desktop/FAZIA_FEE/FAZIA_code/Original_code/tel_b/ipcore_dir/ram_2kx15_modified.vhd \
      PB ieee/std_logic_1164 1354696159
AR work/ram_2kx15_modified/ram_2kx15_modified_a 1615868810 \
      FL /home/parallels/Desktop/FAZIA_FEE/FAZIA_code/Original_code/tel_b/ipcore_dir/ram_2kx15_modified.vhd \
      EN work/ram_2kx15_modified 1615868809
FL /home/parallels/Desktop/FAZIA_FEE/FAZIA_code/Original_code/tel_b/ipcore_dir/ram_32x16_modified.vhd 2021/02/16.19:19:20 P.40xd
EN work/ram_32x16_modified 1615868845 \
      FL /home/parallels/Desktop/FAZIA_FEE/FAZIA_code/Original_code/tel_b/ipcore_dir/ram_32x16_modified.vhd \
      PB ieee/std_logic_1164 1354696159
AR work/ram_32x16_modified/ram_32x16_modified_a 1615868846 \
      FL /home/parallels/Desktop/FAZIA_FEE/FAZIA_code/Original_code/tel_b/ipcore_dir/ram_32x16_modified.vhd \
      EN work/ram_32x16_modified 1615868845
FL /home/parallels/Desktop/FAZIA_FEE/FAZIA_code/Original_code/tel_b/ipcore_dir/ram_32x16_single_modified.vhd 2021/02/02.18:45:24 P.40xd
EN work/ram_32x16_single_modified 1615868891 \
      FL /home/parallels/Desktop/FAZIA_FEE/FAZIA_code/Original_code/tel_b/ipcore_dir/ram_32x16_single_modified.vhd \
      PB ieee/std_logic_1164 1354696159
AR work/ram_32x16_single_modified/ram_32x16_single_modified_a 1615868892 \
      FL /home/parallels/Desktop/FAZIA_FEE/FAZIA_code/Original_code/tel_b/ipcore_dir/ram_32x16_single_modified.vhd \
      EN work/ram_32x16_single_modified 1615868891
FL /home/parallels/Desktop/FAZIA_FEE/FAZIA_code/Original_code/tel_b/ipcore_dir/ram_32x16_single_modified_synth.vhd 2021/02/02.18:45:24 P.40xd
AR work/ram_32x16_single_modified/virtex5 -1 \
      FL /home/parallels/Desktop/FAZIA_FEE/FAZIA_code/Original_code/tel_b/ipcore_dir/ram_32x16_single_modified_synth.vhd \
      EN work/ram_32x16_single_modified 1615868891
FL /home/parallels/Desktop/FAZIA_FEE/FAZIA_code/Original_code/tel_b/ipcore_dir/ram_4kx14_modified.vhd 2021/03/02.11:01:59 P.40xd
EN work/ram_4kx14_modified 1615868839 \
      FL /home/parallels/Desktop/FAZIA_FEE/FAZIA_code/Original_code/tel_b/ipcore_dir/ram_4kx14_modified.vhd \
      PB ieee/std_logic_1164 1354696159
AR work/ram_4kx14_modified/ram_4kx14_modified_a 1615868840 \
      FL /home/parallels/Desktop/FAZIA_FEE/FAZIA_code/Original_code/tel_b/ipcore_dir/ram_4kx14_modified.vhd \
      EN work/ram_4kx14_modified 1615868839
FL /home/parallels/Desktop/FAZIA_FEE/FAZIA_code/Original_code/tel_b/ipcore_dir/ram_64x16_modified.vhd 2021/02/17.15:35:21 P.40xd
EN work/ram_64x16_modified 1615868847 \
      FL /home/parallels/Desktop/FAZIA_FEE/FAZIA_code/Original_code/tel_b/ipcore_dir/ram_64x16_modified.vhd \
      PB ieee/std_logic_1164 1354696159
AR work/ram_64x16_modified/ram_64x16_modified_a 1615868848 \
      FL /home/parallels/Desktop/FAZIA_FEE/FAZIA_code/Original_code/tel_b/ipcore_dir/ram_64x16_modified.vhd \
      EN work/ram_64x16_modified 1615868847
FL /home/parallels/Desktop/FAZIA_FEE/FAZIA_code/Original_code/tel_b/ipcore_dir/ram_64x16_modified_synth.vhd 2021/02/17.15:35:21 P.40xd
AR work/ram_64x16_modified/virtex5 -1 \
      FL /home/parallels/Desktop/FAZIA_FEE/FAZIA_code/Original_code/tel_b/ipcore_dir/ram_64x16_modified_synth.vhd \
      EN work/ram_64x16_modified 1615868847
FL /home/parallels/Desktop/FAZIA_FEE/FAZIA_code/Original_code/tel_b/ipcore_dir/ram_8kx14_modified.vhd 2021/02/25.17:11:44 P.40xd
EN work/ram_8kx14_modified 1615868841 \
      FL /home/parallels/Desktop/FAZIA_FEE/FAZIA_code/Original_code/tel_b/ipcore_dir/ram_8kx14_modified.vhd \
      PB ieee/std_logic_1164 1354696159
AR work/ram_8kx14_modified/ram_8kx14_modified_a 1615868842 \
      FL /home/parallels/Desktop/FAZIA_FEE/FAZIA_code/Original_code/tel_b/ipcore_dir/ram_8kx14_modified.vhd \
      EN work/ram_8kx14_modified 1615868841
FL /home/parallels/Desktop/FAZIA_FEE/FAZIA_code/Original_code/tel_b/psSyncGen.vhd 2021/02/02.18:03:15 P.40xd
EN work/PsSyncGen 1615868933 \
      FL /home/parallels/Desktop/FAZIA_FEE/FAZIA_code/Original_code/tel_b/psSyncGen.vhd \
      PB ieee/std_logic_1164 1354696159 PB ieee/std_logic_arith 1354696160 \
      PB ieee/STD_LOGIC_UNSIGNED 1354696162 PB work/tel_defs 1615868814 \
      PB work/slow_ct_defs 1615868806
AR work/PsSyncGen/Behavioral 1615868934 \
      FL /home/parallels/Desktop/FAZIA_FEE/FAZIA_code/Original_code/tel_b/psSyncGen.vhd \
      EN work/PsSyncGen 1615868933
FL /home/parallels/Desktop/FAZIA_FEE/FAZIA_code/Original_code/tel_b/tel_conf_b.vhd 2021/02/02.18:03:15 P.40xd
PH work/telescope_conf 1615868822 \
      FL /home/parallels/Desktop/FAZIA_FEE/FAZIA_code/Original_code/tel_b/tel_conf_b.vhd \
      PB ieee/std_logic_1164 1354696159 PB ieee/std_logic_arith 1354696160
FL /home/valdre/Documenti/FAZIA/new_fpga_code/common/adc_mon.vhd 2014/02/27.13:12:21 P.40xd
FL /home/valdre/Documenti/FAZIA/new_fpga_code/common/aligner_new.vhd 2014/02/27.13:12:21 P.40xd
FL /home/valdre/Documenti/FAZIA/new_fpga_code/common/align_defs.vhd 2014/02/27.13:12:15 P.40xd
FL /home/valdre/Documenti/FAZIA/new_fpga_code/common/baseline.vhd 2019/01/31.15:07:17 P.40xd
FL /home/valdre/Documenti/FAZIA/new_fpga_code/common/comZone.vhd 2014/05/19.12:40:25 P.40xd
FL /home/valdre/Documenti/FAZIA/new_fpga_code/common/csi_channel.vhd 2019/02/27.15:42:46 P.40xd
FL /home/valdre/Documenti/FAZIA/new_fpga_code/common/ddr_adc.vhd 2014/02/27.13:12:15 P.40xd
FL /home/valdre/Documenti/FAZIA/new_fpga_code/common/energy.vhd 2017/11/24.12:00:41 P.40xd
FL /home/valdre/Documenti/FAZIA/new_fpga_code/common/e_trigger.vhd 2019/01/30.12:21:30 P.40xd
FL /home/valdre/Documenti/FAZIA/new_fpga_code/common/fastlink/clkgenerator.vhd 2014/02/27.13:12:14 P.40xd
FL /home/valdre/Documenti/FAZIA/new_fpga_code/common/fastlink/deserialiseur.vhd 2014/02/27.13:12:15 P.40xd
FL /home/valdre/Documenti/FAZIA/new_fpga_code/common/fastlink/fastlink.vhd 2017/12/12.08:57:24 P.40xd
FL /home/valdre/Documenti/FAZIA/new_fpga_code/common/fastlink/ipcore_dir/myfifo.vhd 2014/02/27.13:12:15 P.40xd
FL /home/valdre/Documenti/FAZIA/new_fpga_code/common/fastlink/ipcore_dir/myfifo2.vhd 2014/02/27.13:12:14 P.40xd
FL /home/valdre/Documenti/FAZIA/new_fpga_code/common/fastlink/ISER8b.vhd 2014/02/27.13:12:15 P.40xd
FL /home/valdre/Documenti/FAZIA/new_fpga_code/common/fastlink/N_ISERDES8b_MsAllign.vhd 2014/02/27.13:12:14 P.40xd
FL /home/valdre/Documenti/FAZIA/new_fpga_code/common/fastlink/OSER8B.vhd 2014/02/27.13:12:15 P.40xd
FL /home/valdre/Documenti/FAZIA/new_fpga_code/common/fastlink/serialiseur.vhd 2014/02/27.13:12:15 P.40xd
FL /home/valdre/Documenti/FAZIA/new_fpga_code/common/f_channel.vhd 2018/03/29.17:33:17 P.40xd
FL /home/valdre/Documenti/FAZIA/new_fpga_code/common/general_io.vhd 2017/12/14.11:08:42 P.40xd
FL /home/valdre/Documenti/FAZIA/new_fpga_code/common/histogrammer.vhd 2014/02/27.13:12:15 P.40xd
FL /home/valdre/Documenti/FAZIA/new_fpga_code/common/i2c_byte.vhd 2014/02/27.13:12:15 P.40xd
FL /home/valdre/Documenti/FAZIA/new_fpga_code/common/i2c_master.vhd 2014/02/27.13:12:14 P.40xd
FL /home/valdre/Documenti/FAZIA/new_fpga_code/common/identity.vhd 2015/02/03.09:17:27 P.40xd
FL /home/valdre/Documenti/FAZIA/new_fpga_code/common/ipcore_dir/aligner_ram_128x8.vhd 2014/02/27.13:12:17 P.40xd
FL /home/valdre/Documenti/FAZIA/new_fpga_code/common/ipcore_dir/aligner_rom_128x8.vhd 2014/02/27.13:12:17 P.40xd
FL /home/valdre/Documenti/FAZIA/new_fpga_code/common/ipcore_dir/My_sysmon.vhd 2014/02/27.13:12:19 P.40xd
FL /home/valdre/Documenti/FAZIA/new_fpga_code/common/ipcore_dir/ram_128x16.vhd 2014/02/27.13:12:19 P.40xd
FL /home/valdre/Documenti/FAZIA/new_fpga_code/common/ipcore_dir/ram_16x16.vhd 2014/02/27.13:12:19 P.40xd
FL /home/valdre/Documenti/FAZIA/new_fpga_code/common/ipcore_dir/ram_1kx14.vhd 2014/02/27.13:12:18 P.40xd
FL /home/valdre/Documenti/FAZIA/new_fpga_code/common/ipcore_dir/ram_1kx15.vhd 2014/02/27.13:12:18 P.40xd
FL /home/valdre/Documenti/FAZIA/new_fpga_code/common/ipcore_dir/ram_1kx24.vhd 2014/02/27.13:12:20 P.40xd
FL /home/valdre/Documenti/FAZIA/new_fpga_code/common/ipcore_dir/ram_256x14.vhd 2017/04/07.16:37:28 P.40xd
FL /home/valdre/Documenti/FAZIA/new_fpga_code/common/ipcore_dir/ram_256x16.vhd 2017/11/20.15:05:42 P.40xd
FL /home/valdre/Documenti/FAZIA/new_fpga_code/common/ipcore_dir/ram_2kx15.vhd 2016/12/01.17:11:52 P.40xd
FL /home/valdre/Documenti/FAZIA/new_fpga_code/common/ipcore_dir/ram_32x16.vhd 2014/02/27.13:12:17 P.40xd
FL /home/valdre/Documenti/FAZIA/new_fpga_code/common/ipcore_dir/ram_32x16_single.vhd 2014/02/27.13:12:19 P.40xd
EN work/ram_32x16_single 1591605695 \
      FL /home/valdre/Documenti/FAZIA/new_fpga_code/common/ipcore_dir/ram_32x16_single.vhd \
      PB ieee/std_logic_1164 1354696159
AR work/ram_32x16_single/ram_32x16_single_a 1591605696 \
      FL /home/valdre/Documenti/FAZIA/new_fpga_code/common/ipcore_dir/ram_32x16_single.vhd \
      EN work/ram_32x16_single 1591605695
FL /home/valdre/Documenti/FAZIA/new_fpga_code/common/ipcore_dir/ram_4kx14.vhd 2014/02/27.13:12:20 P.40xd
FL /home/valdre/Documenti/FAZIA/new_fpga_code/common/ipcore_dir/ram_64x16.vhd 2014/02/27.13:12:20 P.40xd
FL /home/valdre/Documenti/FAZIA/new_fpga_code/common/ipcore_dir/ram_8kx14.vhd 2014/02/27.13:12:20 P.40xd
FL /home/valdre/Documenti/FAZIA/new_fpga_code/common/ipcore_dir/spi_adc_rom.vhd 2014/02/27.13:12:20 P.40xd
FL /home/valdre/Documenti/FAZIA/new_fpga_code/common/offset_ctrl.vhd 2014/09/24.13:44:23 P.40xd
FL /home/valdre/Documenti/FAZIA/new_fpga_code/common/pic_itf.vhd 2014/02/27.13:12:23 P.40xd
FL /home/valdre/Documenti/FAZIA/new_fpga_code/common/reader.vhd 2019/02/27.15:40:44 P.40xd
FL /home/valdre/Documenti/FAZIA/new_fpga_code/common/read_engine_new.vhd 2019/01/18.15:43:45 P.40xd
FL /home/valdre/Documenti/FAZIA/new_fpga_code/common/retard_1.vhd 2014/02/27.13:12:21 P.40xd
FL /home/valdre/Documenti/FAZIA/new_fpga_code/common/retard_2.vhd 2016/12/01.11:20:32 P.40xd
FL /home/valdre/Documenti/FAZIA/new_fpga_code/common/scItf.vhd 2015/02/25.18:20:27 P.40xd
FL /home/valdre/Documenti/FAZIA/new_fpga_code/common/shaper.vhd 2018/04/11.17:55:25 P.40xd
FL /home/valdre/Documenti/FAZIA/new_fpga_code/common/slow_ct_defs.vhd 2014/02/27.13:12:15 P.40xd
FL /home/valdre/Documenti/FAZIA/new_fpga_code/common/spi.vhd 2014/02/27.13:12:21 P.40xd
FL /home/valdre/Documenti/FAZIA/new_fpga_code/common/sysmon.vhd 2014/02/27.13:12:23 P.40xd
FL /home/valdre/Documenti/FAZIA/new_fpga_code/common/s_channel.vhd 2019/02/27.17:35:49 P.40xd
FL /home/valdre/Documenti/FAZIA/new_fpga_code/common/telescope.vhd 2019/09/19.10:38:41 P.40xd
FL /home/valdre/Documenti/FAZIA/new_fpga_code/common/tel_defs.vhd 2019/02/27.17:42:07 P.40xd
FL /home/valdre/Documenti/FAZIA/new_fpga_code/common/tel_sysmon.vhd 2014/02/27.13:12:21 P.40xd
FL /home/valdre/Documenti/FAZIA/new_fpga_code/common/terminator.vhd 2014/02/27.13:12:21 P.40xd
FL /home/valdre/Documenti/FAZIA/new_fpga_code/common/trigger.vhd 2018/03/27.10:31:52 P.40xd
FL /home/valdre/Documenti/FAZIA/new_fpga_code/common/usb_get_new.vhd 2015/02/25.19:06:08 P.40xd
FL /home/valdre/Documenti/FAZIA/new_fpga_code/common/usb_itf_new.vhd 2015/02/25.16:23:27 P.40xd
FL /home/valdre/Documenti/FAZIA/new_fpga_code/common/waver.vhd 2019/09/19.10:36:56 P.40xd
FL /home/valdre/Documenti/FAZIA/new_fpga_code/tel_a/global_trigger.vhd 2014/02/27.13:11:15 P.40xd
FL /home/valdre/Documenti/FAZIA/new_fpga_code/tel_a/virBlock.vhd 2014/02/27.13:11:13 P.40xd
FL /home/valdre/Documenti/FAZIA/new_fpga_code/tel_b/dcm_200.vhd 2020/06/08.10:40:05 P.40xd
FL /home/valdre/Documenti/FAZIA/new_fpga_code/tel_b/gene.vhd 2018/02/05.10:30:38 P.40xd
FL /home/valdre/Documenti/FAZIA/new_fpga_code/tel_b/psSyncGen.vhd 2015/06/16.11:31:02 P.40xd
FL /home/valdre/Documenti/FAZIA/new_fpga_code/tel_b/tel_conf_b.vhd 2019/09/19.11:11:21 P.40xd
