AR ddr_adc behavioral /home/parallels/Desktop/FAZIA_FEE/FAZIA_code/Original_code/common/ddr_adc.vhd sub00/vhpl81 1612260260
EN identity NULL /home/parallels/Desktop/FAZIA_FEE/FAZIA_code/Original_code/common/identity.vhd sub01/vhpl108 1612260285
EN retard_1 NULL /home/parallels/Desktop/FAZIA_FEE/FAZIA_code/Original_code/common/retard_1.vhd sub00/vhpl12 1612260191
EN retard_2 NULL /home/parallels/Desktop/FAZIA_FEE/FAZIA_code/Original_code/common/retard_2.vhd sub00/vhpl14 1612260193
AR histogrammer behavioral /home/parallels/Desktop/FAZIA_FEE/FAZIA_code/Original_code/common/histogrammer.vhd sub00/vhpl89 1612260268
EN usbget_new NULL /home/parallels/Desktop/FAZIA_FEE/FAZIA_code/Original_code/common/usb_get_new.vhd sub00/vhpl18 1612260197
AR ram_128x16 ram_128x16_a /home/parallels/Desktop/FAZIA_FEE/FAZIA_code/Original_code/common/ipcore_dir/ram_128x16.vhd sub00/vhpl47 1612260226
EN energy NULL /home/parallels/Desktop/FAZIA_FEE/FAZIA_code/Original_code/common/energy.vhd sub00/vhpl84 1612260263
EN slowchannel NULL /home/parallels/Desktop/FAZIA_FEE/FAZIA_code/Original_code/common/s_channel.vhd sub01/vhpl110 1612260287
AR i2c_byte behavioral /home/parallels/Desktop/FAZIA_FEE/FAZIA_code/Original_code/common/i2c_byte.vhd sub00/vhpl23 1612260202
EN telescope NULL /home/parallels/Desktop/FAZIA_FEE/FAZIA_code/Original_code/common/telescope.vhd sub01/vhpl138 1612260315
AR compteur behavioral /home/parallels/Desktop/FAZIA_FEE/FAZIA_code/Original_code/common/compteur.vhd sub00/vhpl21 1612260200
EN ram_32x16 NULL /home/parallels/Desktop/FAZIA_FEE/FAZIA_code/Original_code/common/ipcore_dir/ram_32x16.vhd sub00/vhpl42 1612260221
EN ram_64x16 NULL /home/parallels/Desktop/FAZIA_FEE/FAZIA_code/Original_code/common/ipcore_dir/ram_64x16.vhd sub00/vhpl44 1612260223
AR usbitf_new usbitfarch /home/parallels/Desktop/FAZIA_FEE/FAZIA_code/Original_code/common/usb_itf_new.vhd sub00/vhpl61 1612260240
AR slowchannel behavioral /home/parallels/Desktop/FAZIA_FEE/FAZIA_code/Original_code/common/s_channel.vhd sub01/vhpl111 1612260288
AR ram_1kx14 ram_1kx14_a /home/parallels/Desktop/FAZIA_FEE/FAZIA_code/Original_code/common/ipcore_dir/ram_1kx14.vhd sub00/vhpl35 1612260214
EN adcmon NULL /home/parallels/Desktop/FAZIA_FEE/FAZIA_code/Original_code/common/adc_mon.vhd sub01/vhpl100 1612260277
AR globaltrigger behavioral /home/parallels/Desktop/FAZIA_FEE/FAZIA_code/Original_code/tel_a/global_trigger.vhd sub01/vhpl131 1612260308
AR shaper behavioral /home/parallels/Desktop/FAZIA_FEE/FAZIA_code/Original_code/common/shaper.vhd sub00/vhpl31 1612260210
EN gene NULL /home/parallels/Desktop/FAZIA_FEE/FAZIA_code/Original_code/tel_b/gene.vhd sub01/vhpl134 1612260311
AR oser8b behavioral /home/parallels/Desktop/FAZIA_FEE/FAZIA_code/Original_code/common/fastlink/OSER8B.vhd sub00/vhpl25 1612260204
AR spi_adc_rom spi_adc_rom_a /home/parallels/Desktop/FAZIA_FEE/FAZIA_code/Original_code/common/ipcore_dir/spi_adc_rom.vhd sub00/vhpl59 1612260238
EN ram_8kx14 NULL /home/parallels/Desktop/FAZIA_FEE/FAZIA_code/Original_code/common/ipcore_dir/ram_8kx14.vhd sub00/vhpl38 1612260217
AR picitf behavioral /home/parallels/Desktop/FAZIA_FEE/FAZIA_code/Original_code/common/pic_itf.vhd sub00/vhpl63 1612260242
EN ram_16x16 NULL /home/parallels/Desktop/FAZIA_FEE/FAZIA_code/Original_code/common/ipcore_dir/ram_16x16.vhd sub00/vhpl40 1612260219
PH tel_defs NULL /home/parallels/Desktop/FAZIA_FEE/FAZIA_code/Original_code/common/tel_defs.vhd sub00/vhpl08 1612260187
AR n_iserdes8b_msallign behavioral /home/parallels/Desktop/FAZIA_FEE/FAZIA_code/Original_code/common/fastlink/N_ISERDES8b_MsAllign.vhd sub00/vhpl27 1612260206
PB slow_ct_defs slow_ct_defs /home/parallels/Desktop/FAZIA_FEE/FAZIA_code/Original_code/common/slow_ct_defs.vhd sub00/vhpl01 1612260180
EN ram_4kx14 NULL /home/parallels/Desktop/FAZIA_FEE/FAZIA_code/Original_code/common/ipcore_dir/ram_4kx14.vhd sub00/vhpl36 1612260215
AR retard_2 behavioral /home/parallels/Desktop/FAZIA_FEE/FAZIA_code/Original_code/common/retard_2.vhd sub00/vhpl15 1612260194
AR terminator behavioral /home/parallels/Desktop/FAZIA_FEE/FAZIA_code/Original_code/common/terminator.vhd sub01/vhpl117 1612260294
AR scitf behavioral /home/parallels/Desktop/FAZIA_FEE/FAZIA_code/Original_code/common/scItf.vhd sub01/vhpl129 1612260306
AR virblock virblock_arch /home/parallels/Desktop/FAZIA_FEE/FAZIA_code/Original_code/tel_a/virBlock.vhd sub01/vhpl133 1612260310
PH align_defs NULL /home/parallels/Desktop/FAZIA_FEE/FAZIA_code/Original_code/common/align_defs.vhd sub00/vhpl16 1612260195
EN aligner_new NULL /home/parallels/Desktop/FAZIA_FEE/FAZIA_code/Original_code/common/aligner_new.vhd sub00/vhpl96 1612260273
EN compteur NULL /home/parallels/Desktop/FAZIA_FEE/FAZIA_code/Original_code/common/compteur.vhd sub00/vhpl20 1612260199
EN dcm_200 NULL /home/parallels/Desktop/FAZIA_FEE/FAZIA_code/Original_code/tel_a/dcm_200.vhd sub00/vhpl98 1612260275
EN fastchannel NULL /home/parallels/Desktop/FAZIA_FEE/FAZIA_code/Original_code/common/f_channel.vhd sub01/vhpl112 1612260289
EN trigger NULL /home/parallels/Desktop/FAZIA_FEE/FAZIA_code/Original_code/common/trigger.vhd sub01/vhpl122 1612260299
EN myfifo2 NULL /home/parallels/Desktop/FAZIA_FEE/FAZIA_code/Original_code/common/fastlink/ipcore_dir/myfifo2.vhd sub00/vhpl78 1612260257
EN shaper NULL /home/parallels/Desktop/FAZIA_FEE/FAZIA_code/Original_code/common/shaper.vhd sub00/vhpl30 1612260209
PH telescope_conf NULL /home/parallels/Desktop/FAZIA_FEE/FAZIA_code/Original_code/tel_a/tel_conf_a.vhd sub00/vhpl17 1612260196
EN ddr_adc NULL /home/parallels/Desktop/FAZIA_FEE/FAZIA_code/Original_code/common/ddr_adc.vhd sub00/vhpl80 1612260259
EN spi_adc_rom NULL /home/parallels/Desktop/FAZIA_FEE/FAZIA_code/Original_code/common/ipcore_dir/spi_adc_rom.vhd sub00/vhpl58 1612260237
EN pssyncgen NULL /home/parallels/Desktop/FAZIA_FEE/FAZIA_code/Original_code/tel_b/psSyncGen.vhd sub01/vhpl136 1612260313
EN sysmonitor NULL /home/parallels/Desktop/FAZIA_FEE/FAZIA_code/Original_code/common/tel_sysmon.vhd sub01/vhpl106 1612260283
EN etrigger NULL /home/parallels/Desktop/FAZIA_FEE/FAZIA_code/Original_code/common/e_trigger.vhd sub00/vhpl86 1612260265
AR microwire behavioral /home/parallels/Desktop/FAZIA_FEE/FAZIA_code/Original_code/tel_a/micro_wire.vhd sub00/vhpl65 1612260244
EN serialiseur NULL /home/parallels/Desktop/FAZIA_FEE/FAZIA_code/Original_code/common/fastlink/serialiseur.vhd sub00/vhpl74 1612260253
AR fastlink behavioral /home/parallels/Desktop/FAZIA_FEE/FAZIA_code/Original_code/common/fastlink/fastlink.vhd sub01/vhpl121 1612260298
AR ram_256x14 ram_256x14_a /home/parallels/Desktop/FAZIA_FEE/FAZIA_code/Original_code/common/ipcore_dir/ram_256x14.vhd sub00/vhpl11 1612260190
EN generalio NULL /home/parallels/Desktop/FAZIA_FEE/FAZIA_code/Original_code/common/general_io.vhd sub01/vhpl104 1612260281
EN spiadc NULL /home/parallels/Desktop/FAZIA_FEE/FAZIA_code/Original_code/common/spi.vhd sub00/vhpl94 1612260271
AR serialiseur behavioral /home/parallels/Desktop/FAZIA_FEE/FAZIA_code/Original_code/common/fastlink/serialiseur.vhd sub00/vhpl75 1612260254
EN micro_wire_rom NULL /home/parallels/Desktop/FAZIA_FEE/FAZIA_code/Original_code/tel_a/ipcore_dir/micro_wire_rom.vhd sub00/vhpl66 1612260245
AR ram_1kx24 ram_1kx24_a /home/parallels/Desktop/FAZIA_FEE/FAZIA_code/Original_code/common/ipcore_dir/ram_1kx24.vhd sub00/vhpl29 1612260208
AR trigger behavioral /home/parallels/Desktop/FAZIA_FEE/FAZIA_code/Original_code/common/trigger.vhd sub01/vhpl123 1612260300
AR fastchannel behavioral /home/parallels/Desktop/FAZIA_FEE/FAZIA_code/Original_code/common/f_channel.vhd sub01/vhpl113 1612260290
PH slow_ct_defs NULL /home/parallels/Desktop/FAZIA_FEE/FAZIA_code/Original_code/common/slow_ct_defs.vhd sub00/vhpl00 1612260179
EN i2cmaster NULL /home/parallels/Desktop/FAZIA_FEE/FAZIA_code/Original_code/common/i2c_master.vhd sub00/vhpl68 1612260247
EN clkgenerator NULL /home/parallels/Desktop/FAZIA_FEE/FAZIA_code/Original_code/common/fastlink/clkgenerator.vhd sub00/vhpl70 1612260249
EN i2c_byte NULL /home/parallels/Desktop/FAZIA_FEE/FAZIA_code/Original_code/common/i2c_byte.vhd sub00/vhpl22 1612260201
AR baseline behavioral /home/parallels/Desktop/FAZIA_FEE/FAZIA_code/Original_code/common/baseline.vhd sub00/vhpl33 1612260212
AR talktolmk behavioral /home/parallels/Desktop/FAZIA_FEE/FAZIA_code/Original_code/tel_a/talk_to_lmk.vhd sub01/vhpl127 1612260304
AR etrigger behavioral /home/parallels/Desktop/FAZIA_FEE/FAZIA_code/Original_code/common/e_trigger.vhd sub00/vhpl87 1612260266
AR pssyncgen behavioral /home/parallels/Desktop/FAZIA_FEE/FAZIA_code/Original_code/tel_b/psSyncGen.vhd sub01/vhpl137 1612260314
AR sysmonitor behavioral /home/parallels/Desktop/FAZIA_FEE/FAZIA_code/Original_code/common/tel_sysmon.vhd sub01/vhpl107 1612260284
EN fastlink NULL /home/parallels/Desktop/FAZIA_FEE/FAZIA_code/Original_code/common/fastlink/fastlink.vhd sub01/vhpl120 1612260297
AR gene behavioral /home/parallels/Desktop/FAZIA_FEE/FAZIA_code/Original_code/tel_b/gene.vhd sub01/vhpl135 1612260312
EN usbitf_new NULL /home/parallels/Desktop/FAZIA_FEE/FAZIA_code/Original_code/common/usb_itf_new.vhd sub00/vhpl60 1612260239
AR telescope telescope_arch /home/parallels/Desktop/FAZIA_FEE/FAZIA_code/Original_code/common/telescope.vhd sub01/vhpl139 1612260316
AR offsetctrl behavioral /home/parallels/Desktop/FAZIA_FEE/FAZIA_code/Original_code/common/offset_ctrl.vhd sub01/vhpl125 1612260302
EN ram_1kx14 NULL /home/parallels/Desktop/FAZIA_FEE/FAZIA_code/Original_code/common/ipcore_dir/ram_1kx14.vhd sub00/vhpl34 1612260213
EN ram_32x16_single NULL /home/parallels/Desktop/FAZIA_FEE/FAZIA_code/Original_code/common/ipcore_dir/ram_32x16_single.vhd sub00/vhpl92 1612256889
EN ram_1kx15 NULL /home/parallels/Desktop/FAZIA_FEE/FAZIA_code/Original_code/common/ipcore_dir/ram_1kx15.vhd sub00/vhpl02 1612260181
EN globaltrigger NULL /home/parallels/Desktop/FAZIA_FEE/FAZIA_code/Original_code/tel_a/global_trigger.vhd sub01/vhpl130 1612260307
EN ram_1kx24 NULL /home/parallels/Desktop/FAZIA_FEE/FAZIA_code/Original_code/common/ipcore_dir/ram_1kx24.vhd sub00/vhpl28 1612260207
EN ram_256x14 NULL /home/parallels/Desktop/FAZIA_FEE/FAZIA_code/Original_code/common/ipcore_dir/ram_256x14.vhd sub00/vhpl10 1612260189
AR dcm_200 behavioral /home/parallels/Desktop/FAZIA_FEE/FAZIA_code/Original_code/tel_a/dcm_200.vhd sub00/vhpl99 1612260276
AR ram_32x16_single ram_32x16_single_a /home/parallels/Desktop/FAZIA_FEE/FAZIA_code/Original_code/common/ipcore_dir/ram_32x16_single.vhd sub00/vhpl93 1612256890
EN ram_256x16 NULL /home/parallels/Desktop/FAZIA_FEE/FAZIA_code/Original_code/common/ipcore_dir/ram_256x16.vhd sub00/vhpl48 1612260227
AR ram_1kx15 ram_1kx15_a /home/parallels/Desktop/FAZIA_FEE/FAZIA_code/Original_code/common/ipcore_dir/ram_1kx15.vhd sub00/vhpl03 1612260182
AR comzone behavioral /home/parallels/Desktop/FAZIA_FEE/FAZIA_code/Original_code/common/comZone.vhd sub01/vhpl103 1612260280
MO the_pll NULL ipcore_dir/the_pll.v vlg0C/the__pll.bin 1612260180
AR ram_8kx14 ram_8kx14_a /home/parallels/Desktop/FAZIA_FEE/FAZIA_code/Original_code/common/ipcore_dir/ram_8kx14.vhd sub00/vhpl39 1612260218
AR usbget_new usbgetarch /home/parallels/Desktop/FAZIA_FEE/FAZIA_code/Original_code/common/usb_get_new.vhd sub00/vhpl19 1612260198
AR myfifo myfifo_a /home/parallels/Desktop/FAZIA_FEE/FAZIA_code/Original_code/common/fastlink/ipcore_dir/myfifo.vhd sub00/vhpl77 1612260256
AR i2cmaster behavioral /home/parallels/Desktop/FAZIA_FEE/FAZIA_code/Original_code/common/i2c_master.vhd sub00/vhpl69 1612260248
AR clkgenerator behavioral /home/parallels/Desktop/FAZIA_FEE/FAZIA_code/Original_code/common/fastlink/clkgenerator.vhd sub00/vhpl71 1612260250
EN myfifo NULL /home/parallels/Desktop/FAZIA_FEE/FAZIA_code/Original_code/common/fastlink/ipcore_dir/myfifo.vhd sub00/vhpl76 1612260255
EN talktolmk NULL /home/parallels/Desktop/FAZIA_FEE/FAZIA_code/Original_code/tel_a/talk_to_lmk.vhd sub01/vhpl126 1612260303
EN microwire NULL /home/parallels/Desktop/FAZIA_FEE/FAZIA_code/Original_code/tel_a/micro_wire.vhd sub00/vhpl64 1612260243
AR reader behavioral /home/parallels/Desktop/FAZIA_FEE/FAZIA_code/Original_code/common/reader.vhd sub00/vhpl51 1612260230
AR iser8b behavioral /home/parallels/Desktop/FAZIA_FEE/FAZIA_code/Original_code/common/fastlink/ISER8b.vhd sub00/vhpl07 1612260186
EN scitf NULL /home/parallels/Desktop/FAZIA_FEE/FAZIA_code/Original_code/common/scItf.vhd sub01/vhpl128 1612260305
AR readengine behavioral /home/parallels/Desktop/FAZIA_FEE/FAZIA_code/Original_code/common/read_engine_new.vhd sub01/vhpl119 1612260296
AR waver behavioral /home/parallels/Desktop/FAZIA_FEE/FAZIA_code/Original_code/common/waver.vhd sub00/vhpl83 1612260262
AR aligner_rom_128x8 aligner_rom_128x8_a /home/parallels/Desktop/FAZIA_FEE/FAZIA_code/Original_code/common/ipcore_dir/aligner_rom_128x8.vhd sub00/vhpl55 1612260234
EN deserialiseur NULL /home/parallels/Desktop/FAZIA_FEE/FAZIA_code/Original_code/common/fastlink/deserialiseur.vhd sub00/vhpl72 1612260251
EN iser8b NULL /home/parallels/Desktop/FAZIA_FEE/FAZIA_code/Original_code/common/fastlink/ISER8b.vhd sub00/vhpl06 1612260185
EN readengine NULL /home/parallels/Desktop/FAZIA_FEE/FAZIA_code/Original_code/common/read_engine_new.vhd sub01/vhpl118 1612260295
EN waver NULL /home/parallels/Desktop/FAZIA_FEE/FAZIA_code/Original_code/common/waver.vhd sub00/vhpl82 1612260261
AR aligner_new behavioral /home/parallels/Desktop/FAZIA_FEE/FAZIA_code/Original_code/common/aligner_new.vhd sub00/vhpl97 1612260274
EN n_iserdes8b_msallign NULL /home/parallels/Desktop/FAZIA_FEE/FAZIA_code/Original_code/common/fastlink/N_ISERDES8b_MsAllign.vhd sub00/vhpl26 1612260205
EN aligner_ram_128x8 NULL /home/parallels/Desktop/FAZIA_FEE/FAZIA_code/Original_code/common/ipcore_dir/aligner_ram_128x8.vhd sub00/vhpl56 1612260235
AR energy behavioral /home/parallels/Desktop/FAZIA_FEE/FAZIA_code/Original_code/common/energy.vhd sub00/vhpl85 1612260264
EN baseline NULL /home/parallels/Desktop/FAZIA_FEE/FAZIA_code/Original_code/common/baseline.vhd sub00/vhpl32 1612260211
AR myfifo2 myfifo2_a /home/parallels/Desktop/FAZIA_FEE/FAZIA_code/Original_code/common/fastlink/ipcore_dir/myfifo2.vhd sub00/vhpl79 1612260258
AR deserialiseur behavioral /home/parallels/Desktop/FAZIA_FEE/FAZIA_code/Original_code/common/fastlink/deserialiseur.vhd sub00/vhpl73 1612260252
EN csichannel NULL /home/parallels/Desktop/FAZIA_FEE/FAZIA_code/Original_code/common/csi_channel.vhd sub01/vhpl114 1612260291
AR ram_4kx14 ram_4kx14_a /home/parallels/Desktop/FAZIA_FEE/FAZIA_code/Original_code/common/ipcore_dir/ram_4kx14.vhd sub00/vhpl37 1612260216
EN picitf NULL /home/parallels/Desktop/FAZIA_FEE/FAZIA_code/Original_code/common/pic_itf.vhd sub00/vhpl62 1612260241
EN ram_2kx15 NULL /home/parallels/Desktop/FAZIA_FEE/FAZIA_code/Original_code/common/ipcore_dir/ram_2kx15.vhd sub00/vhpl04 1612260183
AR ram_64x16 ram_64x16_a /home/parallels/Desktop/FAZIA_FEE/FAZIA_code/Original_code/common/ipcore_dir/ram_64x16.vhd sub00/vhpl45 1612260224
PB tel_defs tel_defs /home/parallels/Desktop/FAZIA_FEE/FAZIA_code/Original_code/common/tel_defs.vhd sub00/vhpl09 1612260188
AR retard_1 behavioral /home/parallels/Desktop/FAZIA_FEE/FAZIA_code/Original_code/common/retard_1.vhd sub00/vhpl13 1612260192
AR ram_2kx15 ram_2kx15_a /home/parallels/Desktop/FAZIA_FEE/FAZIA_code/Original_code/common/ipcore_dir/ram_2kx15.vhd sub00/vhpl05 1612260184
AR csichannel behavioral /home/parallels/Desktop/FAZIA_FEE/FAZIA_code/Original_code/common/csi_channel.vhd sub01/vhpl115 1612260292
EN aligner_rom_128x8 NULL /home/parallels/Desktop/FAZIA_FEE/FAZIA_code/Original_code/common/ipcore_dir/aligner_rom_128x8.vhd sub00/vhpl54 1612260233
EN terminator NULL /home/parallels/Desktop/FAZIA_FEE/FAZIA_code/Original_code/common/terminator.vhd sub01/vhpl116 1612260293
EN oser8b NULL /home/parallels/Desktop/FAZIA_FEE/FAZIA_code/Original_code/common/fastlink/OSER8B.vhd sub00/vhpl24 1612260203
AR adcmon behavioral /home/parallels/Desktop/FAZIA_FEE/FAZIA_code/Original_code/common/adc_mon.vhd sub01/vhpl101 1612260278
AR ram_32x16 ram_32x16_a /home/parallels/Desktop/FAZIA_FEE/FAZIA_code/Original_code/common/ipcore_dir/ram_32x16.vhd sub00/vhpl43 1612260222
AR identity behavioral /home/parallels/Desktop/FAZIA_FEE/FAZIA_code/Original_code/common/identity.vhd sub01/vhpl109 1612260286
AR usersysmon toto /home/parallels/Desktop/FAZIA_FEE/FAZIA_code/Original_code/common/sysmon.vhd sub00/vhpl91 1612260270
EN histogrammer NULL /home/parallels/Desktop/FAZIA_FEE/FAZIA_code/Original_code/common/histogrammer.vhd sub00/vhpl88 1612260267
EN virblock NULL /home/parallels/Desktop/FAZIA_FEE/FAZIA_code/Original_code/tel_a/virBlock.vhd sub01/vhpl132 1612260309
AR my_sysmon xilinx /home/parallels/Desktop/FAZIA_FEE/FAZIA_code/Original_code/common/ipcore_dir/My_sysmon.vhd sub00/vhpl53 1612260232
AR spiadc behavioral /home/parallels/Desktop/FAZIA_FEE/FAZIA_code/Original_code/common/spi.vhd sub00/vhpl95 1612260272
AR generalio behavioral /home/parallels/Desktop/FAZIA_FEE/FAZIA_code/Original_code/common/general_io.vhd sub01/vhpl105 1612260282
EN usersysmon NULL /home/parallels/Desktop/FAZIA_FEE/FAZIA_code/Original_code/common/sysmon.vhd sub00/vhpl90 1612260269
EN reader NULL /home/parallels/Desktop/FAZIA_FEE/FAZIA_code/Original_code/common/reader.vhd sub00/vhpl50 1612260229
AR aligner_ram_128x8 aligner_ram_128x8_a /home/parallels/Desktop/FAZIA_FEE/FAZIA_code/Original_code/common/ipcore_dir/aligner_ram_128x8.vhd sub00/vhpl57 1612260236
EN comzone NULL /home/parallels/Desktop/FAZIA_FEE/FAZIA_code/Original_code/common/comZone.vhd sub01/vhpl102 1612260279
AR micro_wire_rom micro_wire_rom_a /home/parallels/Desktop/FAZIA_FEE/FAZIA_code/Original_code/tel_a/ipcore_dir/micro_wire_rom.vhd sub00/vhpl67 1612260246
EN offsetctrl NULL /home/parallels/Desktop/FAZIA_FEE/FAZIA_code/Original_code/common/offset_ctrl.vhd sub01/vhpl124 1612260301
EN ram_128x16 NULL /home/parallels/Desktop/FAZIA_FEE/FAZIA_code/Original_code/common/ipcore_dir/ram_128x16.vhd sub00/vhpl46 1612260225
EN my_sysmon NULL /home/parallels/Desktop/FAZIA_FEE/FAZIA_code/Original_code/common/ipcore_dir/My_sysmon.vhd sub00/vhpl52 1612260231
AR ram_16x16 ram_16x16_a /home/parallels/Desktop/FAZIA_FEE/FAZIA_code/Original_code/common/ipcore_dir/ram_16x16.vhd sub00/vhpl41 1612260220
AR ram_256x16 ram_256x16_a /home/parallels/Desktop/FAZIA_FEE/FAZIA_code/Original_code/common/ipcore_dir/ram_256x16.vhd sub00/vhpl49 1612260228
