AR ram_256x14_modified ram_256x14_modified_a /home/parallels/Desktop/newCode/NewTest/Original_code/tel_b/ipcore_dir/ram_256x14_modified.vhd sub01/vhpl147 1617787190
AR ddr_adc behavioral /home/parallels/Desktop/newCode/NewTest/common/ddr_adc.vhd sub00/vhpl81 1617787260
EN identity NULL /home/parallels/Desktop/newCode/NewTest/common/identity.vhd sub01/vhpl108 1617787287
EN ram_1kx15_modified NULL /home/parallels/Desktop/newCode/NewTest/Original_code/tel_b/ipcore_dir/ram_1kx15_modified.vhd sub01/vhpl142 1617787181
EN retard_1 NULL /home/parallels/Desktop/newCode/NewTest/common/retard_1.vhd sub00/vhpl12 1617787191
EN retard_2 NULL /home/parallels/Desktop/newCode/NewTest/common/retard_2.vhd sub00/vhpl14 1617787193
AR histogrammer behavioral /home/parallels/Desktop/newCode/NewTest/common/histogrammer.vhd sub00/vhpl89 1617787268
EN usbget_new NULL /home/parallels/Desktop/newCode/NewTest/common/usb_get_new.vhd sub00/vhpl18 1617787197
AR ram_128x16_modified ram_128x16_modified_a /home/parallels/Desktop/newCode/NewTest/Original_code/tel_b/ipcore_dir/ram_128x16_modified.vhd sub01/vhpl163 1617787226
AR ram_128x16 ram_128x16_a /home/haein/Downloads/fazia/common/ipcore_dir/ram_128x16.vhd sub00/vhpl47 1608441729
EN energy NULL /home/parallels/Desktop/newCode/NewTest/common/energy.vhd sub00/vhpl84 1617787263
EN slowchannel NULL /home/parallels/Desktop/newCode/NewTest/common/s_channel.vhd sub01/vhpl110 1617787289
AR i2c_byte behavioral /home/parallels/Desktop/newCode/NewTest/common/i2c_byte.vhd sub00/vhpl23 1617787202
EN telescope NULL /home/parallels/Desktop/newCode/NewTest/common/telescope.vhd sub01/vhpl138 1617787317
AR compteur behavioral /home/parallels/Desktop/newCode/NewTest/common/compteur.vhd sub00/vhpl21 1617787200
EN ram_32x16 NULL /home/haein/Downloads/fazia/common/ipcore_dir/ram_32x16.vhd sub00/vhpl42 1608441724
EN ram_64x16 NULL /home/haein/Downloads/fazia/common/ipcore_dir/ram_64x16.vhd sub00/vhpl44 1608441726
AR usbitf_new usbitfarch /home/parallels/Desktop/newCode/NewTest/common/usb_itf_new.vhd sub00/vhpl61 1617787240
AR slowchannel behavioral /home/parallels/Desktop/newCode/NewTest/common/s_channel.vhd sub01/vhpl111 1617787290
AR ram_1kx14 ram_1kx14_a /home/haein/Downloads/fazia/common/ipcore_dir/ram_1kx14.vhd sub00/vhpl35 1608441717
EN adcmon NULL /home/parallels/Desktop/newCode/NewTest/common/adc_mon.vhd sub01/vhpl100 1617787279
AR globaltrigger behavioral /home/parallels/Desktop/newCode/NewTest/new_tel_a/global_trigger.vhd sub01/vhpl131 1617787310
AR shaper behavioral /home/parallels/Desktop/newCode/NewTest/common/shaper.vhd sub00/vhpl31 1617787210
EN gene NULL /home/parallels/Desktop/newCode/NewTest/tel_b/gene.vhd sub01/vhpl134 1617787313
AR oser8b behavioral /home/parallels/Desktop/newCode/NewTest/common/fastlink/OSER8B.vhd sub00/vhpl25 1617787204
AR spi_adc_rom spi_adc_rom_a /home/parallels/Desktop/newCode/NewTest/common/ipcore_dir/spi_adc_rom.vhd sub00/vhpl59 1617787238
EN ram_8kx14 NULL /home/haein/Downloads/fazia/common/ipcore_dir/ram_8kx14.vhd sub00/vhpl38 1608441720
AR picitf behavioral /home/parallels/Desktop/newCode/NewTest/common/pic_itf.vhd sub00/vhpl63 1617787242
EN ram_4kx14_modified NULL /home/parallels/Desktop/newCode/NewTest/Original_code/tel_b/ipcore_dir/ram_4kx14_modified.vhd sub01/vhpl152 1617787215
EN ram_16x16 NULL /home/haein/Downloads/fazia/common/ipcore_dir/ram_16x16.vhd sub00/vhpl40 1608441722
PH tel_defs NULL /home/parallels/Desktop/newCode/NewTest/common/tel_defs.vhd sub00/vhpl08 1617787187
AR n_iserdes8b_msallign behavioral /home/parallels/Desktop/newCode/NewTest/common/fastlink/N_ISERDES8b_MsAllign.vhd sub00/vhpl27 1617787206
EN ram_32x16_single_modified NULL /home/parallels/Desktop/newCode/NewTest/Original_code/tel_b/ipcore_dir/ram_32x16_single_modified_synth.vhd sub01/vhpl140 1617787319
EN ram_1kx14_modified NULL /home/parallels/Desktop/newCode/NewTest/Original_code/tel_b/ipcore_dir/ram_1kx14_modified.vhd sub01/vhpl150 1617787213
PB slow_ct_defs slow_ct_defs /home/parallels/Desktop/newCode/NewTest/common/slow_ct_defs.vhd sub00/vhpl01 1617787180
EN ram_4kx14 NULL /home/haein/Downloads/fazia/common/ipcore_dir/ram_4kx14.vhd sub00/vhpl36 1608441718
AR retard_2 behavioral /home/parallels/Desktop/newCode/NewTest/common/retard_2.vhd sub00/vhpl15 1617787194
AR terminator behavioral /home/parallels/Desktop/newCode/NewTest/common/terminator.vhd sub01/vhpl117 1617787296
AR scitf behavioral /home/parallels/Desktop/newCode/NewTest/common/scItf.vhd sub01/vhpl129 1617787308
AR virblock virblock_arch /home/parallels/Desktop/newCode/NewTest/new_tel_a/virBlock.vhd sub01/vhpl133 1617787312
EN ram_32x16_modified NULL /home/parallels/Desktop/newCode/NewTest/Original_code/tel_b/ipcore_dir/ram_32x16_modified.vhd sub01/vhpl158 1617787221
PH align_defs NULL /home/parallels/Desktop/newCode/NewTest/common/align_defs.vhd sub00/vhpl16 1617787195
EN ram_16x16_modified NULL /home/parallels/Desktop/newCode/NewTest/Original_code/tel_b/ipcore_dir/ram_16x16_modified.vhd sub01/vhpl156 1617787219
EN aligner_new NULL /home/parallels/Desktop/newCode/NewTest/common/aligner_new.vhd sub00/vhpl96 1617787275
EN compteur NULL /home/parallels/Desktop/newCode/NewTest/common/compteur.vhd sub00/vhpl20 1617787199
EN dcm_200 NULL /home/parallels/Desktop/newCode/NewTest/new_tel_a/dcm_200.vhd sub00/vhpl98 1617787277
EN ram_1kx24_modified NULL /home/parallels/Desktop/newCode/NewTest/Original_code/tel_b/ipcore_dir/ram_1kx24_modified.vhd sub01/vhpl148 1617787207
AR ram_256x16_modified ram_256x16_modified_a /home/parallels/Desktop/newCode/NewTest/Original_code/tel_b/ipcore_dir/ram_256x16_modified.vhd sub01/vhpl165 1617787228
EN fastchannel NULL /home/parallels/Desktop/newCode/NewTest/common/f_channel.vhd sub01/vhpl112 1617787291
EN trigger NULL /home/parallels/Desktop/newCode/NewTest/common/trigger.vhd sub01/vhpl122 1617787301
EN myfifo2 NULL /home/parallels/Desktop/newCode/NewTest/common/fastlink/ipcore_dir/myfifo2.vhd sub00/vhpl78 1617787257
EN shaper NULL /home/parallels/Desktop/newCode/NewTest/common/shaper.vhd sub00/vhpl30 1617787209
PH telescope_conf NULL /home/parallels/Desktop/newCode/NewTest/new_tel_a/tel_conf_a.vhd sub00/vhpl17 1617787196
EN ddr_adc NULL /home/parallels/Desktop/newCode/NewTest/common/ddr_adc.vhd sub00/vhpl80 1617787259
EN spi_adc_rom NULL /home/parallels/Desktop/newCode/NewTest/common/ipcore_dir/spi_adc_rom.vhd sub00/vhpl58 1617787237
EN pssyncgen NULL /home/parallels/Desktop/newCode/NewTest/tel_b/psSyncGen.vhd sub01/vhpl136 1617787315
EN sysmonitor NULL /home/parallels/Desktop/newCode/NewTest/common/tel_sysmon.vhd sub01/vhpl106 1617787285
EN etrigger NULL /home/parallels/Desktop/newCode/NewTest/common/e_trigger.vhd sub00/vhpl86 1617787265
AR microwire behavioral /home/parallels/Desktop/newCode/NewTest/new_tel_a/micro_wire.vhd sub00/vhpl65 1617787244
EN serialiseur NULL /home/parallels/Desktop/newCode/NewTest/common/fastlink/serialiseur.vhd sub00/vhpl74 1617787253
AR fastlink behavioral /home/parallels/Desktop/newCode/NewTest/common/fastlink/fastlink.vhd sub01/vhpl121 1617787300
AR ram_256x14 ram_256x14_a /home/haein/Downloads/fazia/common/ipcore_dir/ram_256x14.vhd sub00/vhpl11 1608441693
EN generalio NULL /home/parallels/Desktop/newCode/NewTest/common/general_io.vhd sub01/vhpl104 1617787283
EN spiadc NULL /home/parallels/Desktop/newCode/NewTest/common/spi.vhd sub00/vhpl94 1617787273
AR serialiseur behavioral /home/parallels/Desktop/newCode/NewTest/common/fastlink/serialiseur.vhd sub00/vhpl75 1617787254
EN micro_wire_rom NULL /home/parallels/Desktop/newCode/NewTest/new_tel_a/ipcore_dir/micro_wire_rom.vhd sub00/vhpl66 1617787245
AR ram_1kx24 ram_1kx24_a /home/haein/Downloads/fazia/common/ipcore_dir/ram_1kx24.vhd sub00/vhpl29 1608441711
AR trigger behavioral /home/parallels/Desktop/newCode/NewTest/common/trigger.vhd sub01/vhpl123 1617787302
AR fastchannel behavioral /home/parallels/Desktop/newCode/NewTest/common/f_channel.vhd sub01/vhpl113 1617787292
PH slow_ct_defs NULL /home/parallels/Desktop/newCode/NewTest/common/slow_ct_defs.vhd sub00/vhpl00 1617787179
EN i2cmaster NULL /home/parallels/Desktop/newCode/NewTest/common/i2c_master.vhd sub00/vhpl68 1617787247
EN clkgenerator NULL /home/parallels/Desktop/newCode/NewTest/common/fastlink/clkgenerator.vhd sub00/vhpl70 1617787249
AR ram_8kx14_modified ram_8kx14_modified_a /home/parallels/Desktop/newCode/NewTest/Original_code/tel_b/ipcore_dir/ram_8kx14_modified.vhd sub01/vhpl155 1617787218
EN i2c_byte NULL /home/parallels/Desktop/newCode/NewTest/common/i2c_byte.vhd sub00/vhpl22 1617787201
AR ram_32x16_single_modified virtex5 /home/parallels/Desktop/newCode/NewTest/Original_code/tel_b/ipcore_dir/ram_32x16_single_modified_synth.vhd sub01/vhpl169 1617787320
AR baseline behavioral /home/parallels/Desktop/newCode/NewTest/common/baseline.vhd sub00/vhpl33 1617787212
AR talktolmk behavioral /home/parallels/Desktop/newCode/NewTest/new_tel_a/talk_to_lmk.vhd sub01/vhpl127 1617787306
AR etrigger behavioral /home/parallels/Desktop/newCode/NewTest/common/e_trigger.vhd sub00/vhpl87 1617787266
AR pssyncgen behavioral /home/parallels/Desktop/newCode/NewTest/tel_b/psSyncGen.vhd sub01/vhpl137 1617787316
AR sysmonitor behavioral /home/parallels/Desktop/newCode/NewTest/common/tel_sysmon.vhd sub01/vhpl107 1617787286
EN fastlink NULL /home/parallels/Desktop/newCode/NewTest/common/fastlink/fastlink.vhd sub01/vhpl120 1617787299
AR gene behavioral /home/parallels/Desktop/newCode/NewTest/tel_b/gene.vhd sub01/vhpl135 1617787314
EN usbitf_new NULL /home/parallels/Desktop/newCode/NewTest/common/usb_itf_new.vhd sub00/vhpl60 1617787239
AR telescope telescope_arch /home/parallels/Desktop/newCode/NewTest/common/telescope.vhd sub01/vhpl139 1617787318
AR offsetctrl behavioral /home/parallels/Desktop/newCode/NewTest/common/offset_ctrl.vhd sub01/vhpl125 1617787304
EN ram_1kx14 NULL /home/haein/Downloads/fazia/common/ipcore_dir/ram_1kx14.vhd sub00/vhpl34 1608441716
EN ram_32x16_single NULL /home/haein/Downloads/fazia/common/ipcore_dir/ram_32x16_single.vhd sub00/vhpl92 1603087087
EN ram_1kx15 NULL /home/haein/Downloads/fazia/common/ipcore_dir/ram_1kx15.vhd sub00/vhpl02 1608441684
EN globaltrigger NULL /home/parallels/Desktop/newCode/NewTest/new_tel_a/global_trigger.vhd sub01/vhpl130 1617787309
EN ram_1kx24 NULL /home/haein/Downloads/fazia/common/ipcore_dir/ram_1kx24.vhd sub00/vhpl28 1608441710
EN ram_256x14 NULL /home/haein/Downloads/fazia/common/ipcore_dir/ram_256x14.vhd sub00/vhpl10 1608441692
AR dcm_200 behavioral /home/parallels/Desktop/newCode/NewTest/new_tel_a/dcm_200.vhd sub00/vhpl99 1617787278
AR ram_32x16_single ram_32x16_single_a /home/haein/Downloads/fazia/common/ipcore_dir/ram_32x16_single.vhd sub00/vhpl93 1603087088
AR aligner_ram_128x8_modified aligner_ram_128x8_modified_a /home/parallels/Desktop/newCode/NewTest/Original_code/tel_b/ipcore_dir/aligner_ram_128x8_modified.vhd sub01/vhpl167 1617787236
EN ram_256x16 NULL /home/haein/Downloads/fazia/common/ipcore_dir/ram_256x16.vhd sub00/vhpl48 1608441730
AR ram_2kx15_modified ram_2kx15_modified_a /home/parallels/Desktop/newCode/NewTest/Original_code/tel_b/ipcore_dir/ram_2kx15_modified.vhd sub01/vhpl145 1617787184
AR ram_1kx15 ram_1kx15_a /home/haein/Downloads/fazia/common/ipcore_dir/ram_1kx15.vhd sub00/vhpl03 1608441685
AR comzone behavioral /home/parallels/Desktop/newCode/NewTest/common/comZone.vhd sub01/vhpl103 1617787282
EN ram_256x16_modified NULL /home/parallels/Desktop/newCode/NewTest/Original_code/tel_b/ipcore_dir/ram_256x16_modified.vhd sub01/vhpl164 1617787227
MO the_pll NULL ipcore_dir/the_pll.v vlg0C/the__pll.bin 1617787180
AR ram_8kx14 ram_8kx14_a /home/haein/Downloads/fazia/common/ipcore_dir/ram_8kx14.vhd sub00/vhpl39 1608441721
AR usbget_new usbgetarch /home/parallels/Desktop/newCode/NewTest/common/usb_get_new.vhd sub00/vhpl19 1617787198
AR myfifo myfifo_a /home/parallels/Desktop/newCode/NewTest/common/fastlink/ipcore_dir/myfifo.vhd sub00/vhpl77 1617787256
AR i2cmaster behavioral /home/parallels/Desktop/newCode/NewTest/common/i2c_master.vhd sub00/vhpl69 1617787248
AR clkgenerator behavioral /home/parallels/Desktop/newCode/NewTest/common/fastlink/clkgenerator.vhd sub00/vhpl71 1617787250
EN myfifo NULL /home/parallels/Desktop/newCode/NewTest/common/fastlink/ipcore_dir/myfifo.vhd sub00/vhpl76 1617787255
AR ram_32x16_modified ram_32x16_modified_a /home/parallels/Desktop/newCode/NewTest/Original_code/tel_b/ipcore_dir/ram_32x16_modified.vhd sub01/vhpl159 1617787222
EN talktolmk NULL /home/parallels/Desktop/newCode/NewTest/new_tel_a/talk_to_lmk.vhd sub01/vhpl126 1617787305
EN microwire NULL /home/parallels/Desktop/newCode/NewTest/new_tel_a/micro_wire.vhd sub00/vhpl64 1617787243
AR reader behavioral /home/parallels/Desktop/newCode/NewTest/common/reader.vhd sub00/vhpl51 1617787230
AR ram_32x16_single_modified ram_32x16_single_modified_a /home/parallels/Desktop/newCode/NewTest/Original_code/tel_b/ipcore_dir/ram_32x16_single_modified.vhd sub01/vhpl168 1617787272
AR iser8b behavioral /home/parallels/Desktop/newCode/NewTest/common/fastlink/ISER8b.vhd sub00/vhpl07 1617787186
EN scitf NULL /home/parallels/Desktop/newCode/NewTest/common/scItf.vhd sub01/vhpl128 1617787307
AR readengine behavioral /home/parallels/Desktop/newCode/NewTest/common/read_engine_new.vhd sub01/vhpl119 1617787298
AR waver behavioral /home/parallels/Desktop/newCode/NewTest/common/waver.vhd sub00/vhpl83 1617787262
AR aligner_rom_128x8 aligner_rom_128x8_a /home/parallels/Desktop/newCode/NewTest/common/ipcore_dir/aligner_rom_128x8.vhd sub00/vhpl55 1617787234
EN deserialiseur NULL /home/parallels/Desktop/newCode/NewTest/common/fastlink/deserialiseur.vhd sub00/vhpl72 1617787251
EN iser8b NULL /home/parallels/Desktop/newCode/NewTest/common/fastlink/ISER8b.vhd sub00/vhpl06 1617787185
EN readengine NULL /home/parallels/Desktop/newCode/NewTest/common/read_engine_new.vhd sub01/vhpl118 1617787297
EN waver NULL /home/parallels/Desktop/newCode/NewTest/common/waver.vhd sub00/vhpl82 1617787261
AR aligner_new behavioral /home/parallels/Desktop/newCode/NewTest/common/aligner_new.vhd sub00/vhpl97 1617787276
EN n_iserdes8b_msallign NULL /home/parallels/Desktop/newCode/NewTest/common/fastlink/N_ISERDES8b_MsAllign.vhd sub00/vhpl26 1617787205
EN ram_2kx15_modified NULL /home/parallels/Desktop/newCode/NewTest/Original_code/tel_b/ipcore_dir/ram_2kx15_modified.vhd sub01/vhpl144 1617787183
EN aligner_ram_128x8 NULL /home/haein/Downloads/fazia/common/ipcore_dir/aligner_ram_128x8.vhd sub00/vhpl56 1608441738
AR energy behavioral /home/parallels/Desktop/newCode/NewTest/common/energy.vhd sub00/vhpl85 1617787264
AR ram_1kx24_modified ram_1kx24_modified_a /home/parallels/Desktop/newCode/NewTest/Original_code/tel_b/ipcore_dir/ram_1kx24_modified.vhd sub01/vhpl149 1617787208
EN baseline NULL /home/parallels/Desktop/newCode/NewTest/common/baseline.vhd sub00/vhpl32 1617787211
AR myfifo2 myfifo2_a /home/parallels/Desktop/newCode/NewTest/common/fastlink/ipcore_dir/myfifo2.vhd sub00/vhpl79 1617787258
AR deserialiseur behavioral /home/parallels/Desktop/newCode/NewTest/common/fastlink/deserialiseur.vhd sub00/vhpl73 1617787252
EN csichannel NULL /home/parallels/Desktop/newCode/NewTest/common/csi_channel.vhd sub01/vhpl114 1617787293
AR ram_4kx14 ram_4kx14_a /home/haein/Downloads/fazia/common/ipcore_dir/ram_4kx14.vhd sub00/vhpl37 1608441719
EN picitf NULL /home/parallels/Desktop/newCode/NewTest/common/pic_itf.vhd sub00/vhpl62 1617787241
EN ram_2kx15 NULL /home/haein/Downloads/fazia/common/ipcore_dir/ram_2kx15.vhd sub00/vhpl04 1608441686
AR ram_64x16 ram_64x16_a /home/haein/Downloads/fazia/common/ipcore_dir/ram_64x16.vhd sub00/vhpl45 1608441727
PB tel_defs tel_defs /home/parallels/Desktop/newCode/NewTest/common/tel_defs.vhd sub00/vhpl09 1617787188
AR ram_16x16_modified ram_16x16_modified_a /home/parallels/Desktop/newCode/NewTest/Original_code/tel_b/ipcore_dir/ram_16x16_modified.vhd sub01/vhpl157 1617787220
AR retard_1 behavioral /home/parallels/Desktop/newCode/NewTest/common/retard_1.vhd sub00/vhpl13 1617787192
AR ram_2kx15 ram_2kx15_a /home/haein/Downloads/fazia/common/ipcore_dir/ram_2kx15.vhd sub00/vhpl05 1608441687
AR csichannel behavioral /home/parallels/Desktop/newCode/NewTest/common/csi_channel.vhd sub01/vhpl115 1617787294
EN aligner_rom_128x8 NULL /home/parallels/Desktop/newCode/NewTest/common/ipcore_dir/aligner_rom_128x8.vhd sub00/vhpl54 1617787233
EN terminator NULL /home/parallels/Desktop/newCode/NewTest/common/terminator.vhd sub01/vhpl116 1617787295
EN aligner_ram_128x8_modified NULL /home/parallels/Desktop/newCode/NewTest/Original_code/tel_b/ipcore_dir/aligner_ram_128x8_modified.vhd sub01/vhpl166 1617787235
EN oser8b NULL /home/parallels/Desktop/newCode/NewTest/common/fastlink/OSER8B.vhd sub00/vhpl24 1617787203
EN ram_8kx14_modified NULL /home/parallels/Desktop/newCode/NewTest/Original_code/tel_b/ipcore_dir/ram_8kx14_modified.vhd sub01/vhpl154 1617787217
AR adcmon behavioral /home/parallels/Desktop/newCode/NewTest/common/adc_mon.vhd sub01/vhpl101 1617787280
AR ram_32x16 ram_32x16_a /home/haein/Downloads/fazia/common/ipcore_dir/ram_32x16.vhd sub00/vhpl43 1608441725
AR identity behavioral /home/parallels/Desktop/newCode/NewTest/common/identity.vhd sub01/vhpl109 1617787288
AR usersysmon toto /home/parallels/Desktop/newCode/NewTest/common/sysmon.vhd sub00/vhpl91 1617787270
EN histogrammer NULL /home/parallels/Desktop/newCode/NewTest/common/histogrammer.vhd sub00/vhpl88 1617787267
EN virblock NULL /home/parallels/Desktop/newCode/NewTest/new_tel_a/virBlock.vhd sub01/vhpl132 1617787311
AR my_sysmon xilinx /home/parallels/Desktop/newCode/NewTest/common/ipcore_dir/My_sysmon.vhd sub00/vhpl53 1617787232
AR ram_4kx14_modified ram_4kx14_modified_a /home/parallels/Desktop/newCode/NewTest/Original_code/tel_b/ipcore_dir/ram_4kx14_modified.vhd sub01/vhpl153 1617787216
AR spiadc behavioral /home/parallels/Desktop/newCode/NewTest/common/spi.vhd sub00/vhpl95 1617787274
AR generalio behavioral /home/parallels/Desktop/newCode/NewTest/common/general_io.vhd sub01/vhpl105 1617787284
EN usersysmon NULL /home/parallels/Desktop/newCode/NewTest/common/sysmon.vhd sub00/vhpl90 1617787269
AR ram_32x16_single_modified behavioral /home/parallels/Desktop/FAZIA_FEE/FAZIA_code/common/ipcore_dir/ram_32x16_single_modified.vhd sub01/vhpl141 1615869685
AR ram_1kx15_modified ram_1kx15_modified_a /home/parallels/Desktop/newCode/NewTest/Original_code/tel_b/ipcore_dir/ram_1kx15_modified.vhd sub01/vhpl143 1617787182
EN reader NULL /home/parallels/Desktop/newCode/NewTest/common/reader.vhd sub00/vhpl50 1617787229
EN ram_64x16_modified NULL /home/parallels/Desktop/newCode/NewTest/Original_code/tel_b/ipcore_dir/ram_64x16_modified.vhd sub01/vhpl160 1617787223
AR aligner_ram_128x8 aligner_ram_128x8_a /home/haein/Downloads/fazia/common/ipcore_dir/aligner_ram_128x8.vhd sub00/vhpl57 1608441739
EN comzone NULL /home/parallels/Desktop/newCode/NewTest/common/comZone.vhd sub01/vhpl102 1617787281
AR micro_wire_rom micro_wire_rom_a /home/parallels/Desktop/newCode/NewTest/new_tel_a/ipcore_dir/micro_wire_rom.vhd sub00/vhpl67 1617787246
EN offsetctrl NULL /home/parallels/Desktop/newCode/NewTest/common/offset_ctrl.vhd sub01/vhpl124 1617787303
EN ram_128x16 NULL /home/haein/Downloads/fazia/common/ipcore_dir/ram_128x16.vhd sub00/vhpl46 1608441728
EN ram_256x14_modified NULL /home/parallels/Desktop/newCode/NewTest/Original_code/tel_b/ipcore_dir/ram_256x14_modified.vhd sub01/vhpl146 1617787189
EN my_sysmon NULL /home/parallels/Desktop/newCode/NewTest/common/ipcore_dir/My_sysmon.vhd sub00/vhpl52 1617787231
AR ram_1kx14_modified ram_1kx14_modified_a /home/parallels/Desktop/newCode/NewTest/Original_code/tel_b/ipcore_dir/ram_1kx14_modified.vhd sub01/vhpl151 1617787214
AR ram_16x16 ram_16x16_a /home/haein/Downloads/fazia/common/ipcore_dir/ram_16x16.vhd sub00/vhpl41 1608441723
AR ram_256x16 ram_256x16_a /home/haein/Downloads/fazia/common/ipcore_dir/ram_256x16.vhd sub00/vhpl49 1608441731
EN ram_128x16_modified NULL /home/parallels/Desktop/newCode/NewTest/Original_code/tel_b/ipcore_dir/ram_128x16_modified.vhd sub01/vhpl162 1617787225
AR ram_64x16_modified ram_64x16_modified_a /home/parallels/Desktop/newCode/NewTest/Original_code/tel_b/ipcore_dir/ram_64x16_modified.vhd sub01/vhpl161 1617787224
